 engine

 Timestamp is 5c600702 (Sun Feb 10 05:12:02 2019)

 Preferred load address is 0000000180000000

 Start         Length     Name                   Class
 0001:00000000 000134e0H .text$mn                CODE
 0001:000134e0 00000020H .text$mn$00             CODE
 0001:00013500 00000250H .text$x                 CODE
 0002:00000000 00000258H .idata$5                DATA
 0002:00000258 00000010H .00cfg                  DATA
 0002:00000268 00000008H .CRT$XCA                DATA
 0002:00000270 00000008H .CRT$XCU                DATA
 0002:00000278 00000008H .CRT$XCZ                DATA
 0002:00000280 00000008H .CRT$XIA                DATA
 0002:00000288 00000018H .CRT$XIC                DATA
 0002:000002a0 00000008H .CRT$XIZ                DATA
 0002:000002a8 00000008H .CRT$XPA                DATA
 0002:000002b0 00000010H .CRT$XPX                DATA
 0002:000002c0 00000008H .CRT$XPXA               DATA
 0002:000002c8 00000008H .CRT$XPZ                DATA
 0002:000002d0 00000008H .CRT$XTA                DATA
 0002:000002d8 00000008H .CRT$XTZ                DATA
 0002:000002e0 00000000H .gfids$y                DATA
 0002:000002e0 00008500H .rdata                  DATA
 0002:000087e0 000001f4H .rdata$r                DATA
 0002:000089d4 000003acH .rdata$zzzdbg           DATA
 0002:00008d80 00000008H .rtc$IAA                DATA
 0002:00008d88 00000008H .rtc$IZZ                DATA
 0002:00008d90 00000008H .rtc$TAA                DATA
 0002:00008d98 00000008H .rtc$TZZ                DATA
 0002:00008da0 00000f70H .xdata                  DATA
 0002:00009d10 000000ecH .xdata$x                DATA
 0002:00009dfc 00000020H .didat$2                DATA
 0002:00009e1c 00000024H .didat$3                DATA
 0002:00009e40 000000a8H .didat$4                DATA
 0002:00009ee8 000005c0H .didat$6                DATA
 0002:0000a4a8 000000a8H .didat$7                DATA
 0002:0000a550 00000050H .edata                  DATA
 0002:0000a5a0 00000014H .idata$2                DATA
 0002:0000a5b4 00000014H .idata$3                DATA
 0002:0000a5c8 00000258H .idata$4                DATA
 0002:0000a820 00000574H .idata$6                DATA
 0003:00000000 00000a80H .data                   DATA
 0003:00000a80 000000a0H .data$r                 DATA
 0003:00000b20 000000b0H .didat$5                DATA
 0003:00000bd0 00001220H .bss                    DATA
 0004:00000000 000012e4H .pdata                  DATA
 0005:00000000 00000060H .rsrc$01                DATA
 0005:00000060 00000180H .rsrc$02                DATA

  Address         Publics by Value              Rva+Base               Lib:Object

 0000:00000000       __hybrid_code_map_count    0000000000000000     <absolute>
 0000:00000000       __hybrid_code_map          0000000000000000     <absolute>
 0000:00000000       __guard_iat_count          0000000000000000     <absolute>
 0000:00000000       __guard_longjmp_count      0000000000000000     <absolute>
 0000:00000000       __volatile_metadata        0000000000000000     <absolute>
 0000:00000000       __guard_longjmp_table      0000000000000000     <absolute>
 0000:00000000       __guard_iat_table          0000000000000000     <absolute>
 0000:00000000       __guard_fids_count         0000000000000000     <absolute>
 0000:00000000       ___safe_se_handler_count   0000000000000000     <absolute>
 0000:00000000       __enclave_config           0000000000000000     <absolute>
 0000:00000000       ___safe_se_handler_table   0000000000000000     <absolute>
 0000:00000000       __guard_fids_table         0000000000000000     <absolute>
 0000:00000000       __hybrid_auxiliary_iat     0000000000000000     <absolute>
 0000:00000000       __dynamic_value_reloc_table 0000000000000000     <absolute>
 0000:00000100       __guard_flags              0000000000000100     <absolute>
 0000:00000000       __ImageBase                0000000180000000     <linker-defined>
 0001:000000e0       ?New@Nan@@YA?AV?$MaybeLocal@VString@v8@@@v8@@AEBV?$basic_string@DU?$char_traits@D@std@@V?$allocator@D@2@@std@@@Z 00000001800010e0 f i main.obj
 0001:00000260       ?Export@Nan@@YAXV?$Local@VObject@v8@@@v8@@PEBDP6AXAEBV?$FunctionCallbackInfo@VValue@v8@@@1@@Z@Z 0000000180001260 f i main.obj
 0001:000004d0       ?Hello@@YAXAEBV?$FunctionCallbackInfo@VValue@v8@@@Nan@@@Z 00000001800014d0 f   main.obj
 0001:00000540       ?gameloop@@YAXAEBV?$FunctionCallbackInfo@VValue@v8@@@Nan@@@Z 0000000180001540 f   main.obj
 0001:00000630       ?PlanetariumVREngine@@YAXV?$Local@VObject@v8@@@v8@@@Z 0000000180001630 f   main.obj
 0001:000006cc       __imp_load_?Value@External@v8@@QEBAPEAXXZ 00000001800016cc f   node:node.exe
 0001:000006d8       __tailMerge_node_exe       00000001800016d8     node:node.exe
 0001:00000751       __imp_load_?New@External@v8@@SA?AV?$Local@VExternal@v8@@@2@PEAVIsolate@2@PEAX@Z 0000000180001751 f   node:node.exe
 0001:0000075d       __imp_load_?GetCurrentContext@Isolate@v8@@QEAA?AV?$Local@VContext@v8@@@2@XZ 000000018000175d f   node:node.exe
 0001:00000769       __imp_load_?GetCurrent@Isolate@v8@@SAPEAV12@XZ 0000000180001769 f   node:node.exe
 0001:00000775       __imp_load_?CreateHandle@HandleScope@v8@@CAPEAPEAVObject@internal@2@PEAVHeapObject@42@PEAV342@@Z 0000000180001775 f   node:node.exe
 0001:00000781       __imp_load_??1HandleScope@v8@@QEAA@XZ 0000000180001781 f   node:node.exe
 0001:0000078d       __imp_load_??0HandleScope@v8@@QEAA@PEAVIsolate@1@@Z 000000018000178d f   node:node.exe
 0001:00000799       __imp_load_?GetFunction@FunctionTemplate@v8@@QEAA?AV?$MaybeLocal@VFunction@v8@@@2@V?$Local@VContext@v8@@@2@@Z 0000000180001799 f   node:node.exe
 0001:000007a5       __imp_load_?New@FunctionTemplate@v8@@SA?AV?$Local@VFunctionTemplate@v8@@@2@PEAVIsolate@2@P6AXAEBV?$FunctionCallbackInfo@VValue@v8@@@2@@ZV?$Local@VValue@v8@@@2@V?$Local@VSignature@v8@@@2@HW4ConstructorBehavior@2@W4SideEffectType@2@@Z 00000001800017a5 f   node:node.exe
 0001:000007b1       __imp_load_?ToLocalEmpty@V8@v8@@CAXXZ 00000001800017b1 f   node:node.exe
 0001:000007bd       __imp_load_?Escape@EscapableHandleScope@v8@@AEAAPEAPEAVObject@internal@2@PEAPEAV342@@Z 00000001800017bd f   node:node.exe
 0001:000007c9       __imp_load_??0EscapableHandleScope@v8@@QEAA@PEAVIsolate@1@@Z 00000001800017c9 f   node:node.exe
 0001:000007d5       __imp_load_?NewFromUtf8@String@v8@@SA?AV?$MaybeLocal@VString@v8@@@2@PEAVIsolate@2@PEBDW4NewStringType@2@H@Z 00000001800017d5 f   node:node.exe
 0001:000007e1       __imp_load_?SlowGetInternalField@Object@v8@@AEAA?AV?$Local@VValue@v8@@@2@H@Z 00000001800017e1 f   node:node.exe
 0001:000007ed       __imp_load_?SetInternalField@Object@v8@@QEAAXHV?$Local@VValue@v8@@@2@@Z 00000001800017ed f   node:node.exe
 0001:000007f9       __imp_load_?Set@Object@v8@@QEAA?AV?$Maybe@_N@2@V?$Local@VContext@v8@@@2@V?$Local@VValue@v8@@@2@1@Z 00000001800017f9 f   node:node.exe
 0001:00000805       __imp_load_?SetInternalFieldCount@ObjectTemplate@v8@@QEAAXH@Z 0000000180001805 f   node:node.exe
 0001:00000811       __imp_load_?NewInstance@ObjectTemplate@v8@@QEAA?AV?$MaybeLocal@VObject@v8@@@2@V?$Local@VContext@v8@@@2@@Z 0000000180001811 f   node:node.exe
 0001:0000081d       __imp_load_?New@ObjectTemplate@v8@@SA?AV?$Local@VObjectTemplate@v8@@@2@PEAVIsolate@2@V?$Local@VFunctionTemplate@v8@@@2@@Z 000000018000181d f   node:node.exe
 0001:00000829       __imp_load_node_module_register 0000000180001829 f   node:node.exe
 0001:00000838       ??0bad_alloc@std@@QEAA@AEBV01@@Z 0000000180001838 f i libcpmt:xthrow.obj
 0001:00000878       ??0bad_alloc@std@@QEAA@XZ  0000000180001878 f i libcpmt:xthrow.obj
 0001:00000898       ??0exception@std@@QEAA@AEBV01@@Z 0000000180001898 f i libcpmt:xthrow.obj
 0001:000008d0       ??1bad_array_new_length@std@@UEAA@XZ 00000001800018d0 f i LIBCMT:throw_bad_alloc.obj
 0001:000008d0       ??1bad_alloc@std@@UEAA@XZ  00000001800018d0 f i libcpmt:xthrow.obj
 0001:000008e4       ??_Ebad_array_new_length@std@@UEAAPEAXI@Z 00000001800018e4 f i LIBCMT:throw_bad_alloc.obj
 0001:000008e4       ??_Gbad_alloc@std@@UEAAPEAXI@Z 00000001800018e4 f i libcpmt:xthrow.obj
 0001:000008e4       ??_Gbad_array_new_length@std@@UEAAPEAXI@Z 00000001800018e4 f i LIBCMT:throw_bad_alloc.obj
 0001:000008e4       ??_Eexception@std@@UEAAPEAXI@Z 00000001800018e4 f i libcpmt:xthrow.obj
 0001:000008e4       ??_Ebad_alloc@std@@UEAAPEAXI@Z 00000001800018e4 f i libcpmt:xthrow.obj
 0001:000008e4       ??_Gexception@std@@UEAAPEAXI@Z 00000001800018e4 f i libcpmt:xthrow.obj
 0001:00000928       ?what@exception@std@@UEBAPEBDXZ 0000000180001928 f i libcpmt:xthrow.obj
 0001:00000950       __security_check_cookie    0000000180001950 f   LIBCMT:amdsecgs.obj
 0001:00000974       ??2@YAPEAX_K@Z             0000000180001974 f   LIBCMT:new_scalar.obj
 0001:000009b0       ??3@YAXPEAX_K@Z            00000001800019b0 f   LIBCMT:delete_scalar_size.obj
 0001:00000ce8       _DllMainCRTStartup         0000000180001ce8 f   LIBCMT:dll_dllmain.obj
 0001:00000d28       ??_Etype_info@@UEAAPEAXI@Z 0000000180001d28 f i LIBCMT:std_type_info_static.obj
 0001:00000d28       ??_Gtype_info@@UEAAPEAXI@Z 0000000180001d28 f i LIBCMT:std_type_info_static.obj
 0001:00000d54       __raise_securityfailure    0000000180001d54 f   LIBCMT:gs_report.obj
 0001:00000d88       __report_gsfailure         0000000180001d88 f   LIBCMT:gs_report.obj
 0001:00000e5c       __report_rangecheckfailure 0000000180001e5c f   LIBCMT:gs_report.obj
 0001:00000e70       __report_securityfailure   0000000180001e70 f   LIBCMT:gs_report.obj
 0001:00000ff0       ??0bad_array_new_length@std@@QEAA@AEBV01@@Z 0000000180001ff0 f i LIBCMT:throw_bad_alloc.obj
 0001:00001030       ??0bad_array_new_length@std@@QEAA@XZ 0000000180002030 f i LIBCMT:throw_bad_alloc.obj
 0001:00001050       ?__scrt_throw_std_bad_alloc@@YAXXZ 0000000180002050 f   LIBCMT:throw_bad_alloc.obj
 0001:00001070       ?__scrt_throw_std_bad_array_new_length@@YAXXZ 0000000180002070 f   LIBCMT:throw_bad_alloc.obj
 0001:00001090       ??3@YAXPEAX@Z              0000000180002090 f   LIBCMT:delete_scalar.obj
 0001:00001098       __security_init_cookie     0000000180002098 f   LIBCMT:gs_support.obj
 0001:00001144       DllMain                    0000000180002144 f   LIBCMT:dll_dllmain_stub.obj
 0001:00001144       _get_startup_argv_mode     0000000180002144 f   LIBCMT:argv_mode.obj
 0001:0000114c       ?__scrt_initialize_type_info@@YAXXZ 000000018000214c f   LIBCMT:tncleanup.obj
 0001:0000115c       ?__scrt_uninitialize_type_info@@YAXXZ 000000018000215c f   LIBCMT:tncleanup.obj
 0001:00001168       __local_stdio_printf_options 0000000180002168 f i LIBCMT:default_local_stdio_options.obj
 0001:00001170       __local_stdio_scanf_options 0000000180002170 f i LIBCMT:default_local_stdio_options.obj
 0001:00001178       __scrt_initialize_default_local_stdio_options 0000000180002178 f   LIBCMT:default_local_stdio_options.obj
 0001:00001194       __scrt_acquire_startup_lock 0000000180002194 f   LIBCMT:utility.obj
 0001:000011d0       __scrt_dllmain_after_initialize_c 00000001800021d0 f   LIBCMT:utility.obj
 0001:00001204       __scrt_dllmain_before_initialize_c 0000000180002204 f   LIBCMT:utility.obj
 0001:0000121c       __scrt_dllmain_crt_thread_attach 000000018000221c f   LIBCMT:utility.obj
 0001:00001244       __scrt_dllmain_crt_thread_detach 0000000180002244 f   LIBCMT:utility.obj
 0001:0000125c       __scrt_dllmain_exception_filter 000000018000225c f   LIBCMT:utility.obj
 0001:000012bc       __scrt_dllmain_uninitialize_c 00000001800022bc f   LIBCMT:utility.obj
 0001:000012ec       __scrt_dllmain_uninitialize_critical 00000001800022ec f   LIBCMT:utility.obj
 0001:00001300       __scrt_initialize_crt      0000000180002300 f   LIBCMT:utility.obj
 0001:0000134c       __scrt_initialize_onexit_tables 000000018000234c f   LIBCMT:utility.obj
 0001:00001424       __scrt_is_nonwritable_in_current_image 0000000180002424 f   LIBCMT:utility.obj
 0001:000014c0       __scrt_release_startup_lock 00000001800024c0 f   LIBCMT:utility.obj
 0001:000014e4       __scrt_uninitialize_crt    00000001800024e4 f   LIBCMT:utility.obj
 0001:00001510       __scrt_get_dyn_tls_init_callback 0000000180002510 f   LIBCMT:dyn_tls_init.obj
 0001:00001518       __crt_debugger_hook        0000000180002518 f   LIBCMT:utility_desktop.obj
 0001:00001520       __scrt_fastfail            0000000180002520 f   LIBCMT:utility_desktop.obj
 0001:0000166c       _RTC_Initialize            000000018000266c f   LIBCMT:initsect.obj
 0001:000016a8       _RTC_Terminate             00000001800026a8 f   LIBCMT:initsect.obj
 0001:000016e4       _guard_check_icall_nop     00000001800026e4 f i LIBCMT:guard_support.obj
 0001:000016e8       __isa_available_init       00000001800026e8 f   LIBCMT:cpu_disp.obj
 0001:000018a4       __scrt_is_ucrt_dll_in_use  00000001800028a4 f   LIBCMT:ucrt_detection.obj
 0001:000018b0       __std_exception_copy       00000001800028b0 f   libvcruntime:std_exception.obj
 0001:00001940       __std_exception_destroy    0000000180002940 f   libvcruntime:std_exception.obj
 0001:00001968       _CxxThrowException         0000000180002968 f   libvcruntime:throw.obj
 0001:00001a28       __C_specific_handler       0000000180002a28 f   libvcruntime:riscchandler.obj
 0001:00001c34       __std_type_info_destroy_list 0000000180002c34 f   libvcruntime:std_type_info.obj
 0001:00001c60       __vcrt_initialize          0000000180002c60 f   libvcruntime:initialization.obj
 0001:00001c94       __vcrt_thread_attach       0000000180002c94 f   libvcruntime:initialization.obj
 0001:00001ca8       __vcrt_thread_detach       0000000180002ca8 f   libvcruntime:initialization.obj
 0001:00001cbc       __vcrt_uninitialize        0000000180002cbc f   libvcruntime:initialization.obj
 0001:00001cdc       __vcrt_uninitialize_critical 0000000180002cdc f   libvcruntime:initialization.obj
 0001:00001d00       memset_repmovs             0000000180002d00 f   libvcruntime:memset.obj
 0001:00001d20       memset                     0000000180002d20 f   libvcruntime:memset.obj
 0001:00001ec0       _NLG_Notify                0000000180002ec0 f   libvcruntime:notify.obj
 0001:00001ee0       __NLG_Dispatch2            0000000180002ee0 f   libvcruntime:notify.obj
 0001:00001ef0       __NLG_Return2              0000000180002ef0 f   libvcruntime:notify.obj
 0001:00001ef4       __except_validate_context_record 0000000180002ef4 f   libvcruntime:jbcxrval.obj
 0001:00001f2c       __DestructExceptionObject  0000000180002f2c f   libvcruntime:ehhelpers.obj
 0001:00001fa0       ?_CallMemberFunction0@@YAXQEAX0@Z 0000000180002fa0 f i libvcruntime:ehhelpers.obj
 0001:00001fa4       __vcrt_freefls             0000000180002fa4 f   libvcruntime:per_thread_data.obj
 0001:00001fc4       __vcrt_freeptd             0000000180002fc4 f   libvcruntime:per_thread_data.obj
 0001:00002014       __vcrt_getptd_noexit       0000000180003014 f   libvcruntime:per_thread_data.obj
 0001:000020e0       __vcrt_initialize_ptd      00000001800030e0 f   libvcruntime:per_thread_data.obj
 0001:00002134       __vcrt_uninitialize_ptd    0000000180003134 f   libvcruntime:per_thread_data.obj
 0001:00002158       __vcrt_initialize_locks    0000000180003158 f   libvcruntime:locks.obj
 0001:000021a0       __vcrt_uninitialize_locks  00000001800031a0 f   libvcruntime:locks.obj
 0001:000023b0       __vcrt_FlsAlloc            00000001800033b0 f   libvcruntime:winapi_downlevel.obj
 0001:000023f8       __vcrt_FlsFree             00000001800033f8 f   libvcruntime:winapi_downlevel.obj
 0001:00002440       __vcrt_FlsGetValue         0000000180003440 f   libvcruntime:winapi_downlevel.obj
 0001:00002488       __vcrt_FlsSetValue         0000000180003488 f   libvcruntime:winapi_downlevel.obj
 0001:000024dc       __vcrt_InitializeCriticalSectionEx 00000001800034dc f   libvcruntime:winapi_downlevel.obj
 0001:00002540       __vcrt_initialize_winapi_thunks 0000000180003540 f   libvcruntime:winapi_downlevel.obj
 0001:00002570       __vcrt_uninitialize_winapi_thunks 0000000180003570 f   libvcruntime:winapi_downlevel.obj
 0001:000025b0       __vcrt_initialize_pure_virtual_call_handler 00000001800035b0 f   libvcruntime:purevirt_data.obj
 0001:000025d0       memcpy_repmovs             00000001800035d0 f   libvcruntime:memcpy.obj
 0001:000025f0       memcpy                     00000001800035f0 f   libvcruntime:memcpy.obj
 0001:000025f0       memmove                    00000001800035f0 f   libvcruntime:memcpy.obj
 0001:00002a40       _CallSettingFrame          0000000180003a40 f   libvcruntime:handlers.obj
 0001:00002a90       _CallSettingFrameEncoded   0000000180003a90 f   libvcruntime:handlers.obj
 0001:000031f0       ??$ftprintf@PEAU_iobuf@@PEB_WAEBQEB_WAEBQEB_WAEBI@?$__crt_char_traits@_W@@SAH$$QEAPEAU_iobuf@@$$QEAPEB_WAEBQEB_W2AEBI@Z 00000001800041f0 f i libucrt:assert.obj
 0001:00003218       _wassert                   0000000180004218 f   libucrt:assert.obj
 0001:0000328c       fwprintf                   000000018000428c f i libucrt:assert.obj
 0001:000032d0       swprintf                   00000001800042d0 f i libucrt:assert.obj
 0001:00003324       __acrt_call_reportfault    0000000180004324 f   libucrt:invalid_parameter.obj
 0001:00003480       __acrt_initialize_invalid_parameter_handler 0000000180004480 f   libucrt:invalid_parameter.obj
 0001:00003488       _invalid_parameter         0000000180004488 f   libucrt:invalid_parameter.obj
 0001:00003538       _invalid_parameter_noinfo  0000000180004538 f   libucrt:invalid_parameter.obj
 0001:00003558       _invalid_parameter_noinfo_noreturn 0000000180004558 f   libucrt:invalid_parameter.obj
 0001:00003588       _invoke_watson             0000000180004588 f   libucrt:invalid_parameter.obj
 0001:000035d0       ??0_LocaleUpdate@@QEAA@QEAU__crt_locale_pointers@@@Z 00000001800045d0 f i libucrt:stricmp.obj
 0001:0000366c       __ascii_stricmp            000000018000466c f   libucrt:stricmp.obj
 0001:000036ac       _stricmp                   00000001800046ac f   libucrt:stricmp.obj
 0001:000036f4       _stricmp_l                 00000001800046f4 f   libucrt:stricmp.obj
 0001:000037a8       __acrt_initialize_new_handler 00000001800047a8 f   libucrt:new_handler.obj
 0001:000037b0       _callnewh                  00000001800047b0 f   libucrt:new_handler.obj
 0001:000037e0       _query_new_handler         00000001800047e0 f   libucrt:new_handler.obj
 0001:00003814       malloc                     0000000180004814 f   libucrt:malloc.obj
 0001:0000381c       _initterm                  000000018000481c f   libucrt:initterm.obj
 0001:00003880       _initterm_e                0000000180004880 f   libucrt:initterm.obj
 0001:000038c0       free                       00000001800048c0 f   libucrt:free.obj
 0001:000038d4       _seh_filter_dll            00000001800048d4 f   libucrt:exception_filter.obj
 0001:000038e8       _seh_filter_exe            00000001800048e8 f   libucrt:exception_filter.obj
 0001:00003cd8       __acrt_initialize_thread_local_exit_callback 0000000180004cd8 f   libucrt:exit.obj
 0001:00003ce0       _cexit                     0000000180004ce0 f   libucrt:exit.obj
 0001:00003cf0       _exit                      0000000180004cf0 f   libucrt:exit.obj
 0001:00003cfc       _is_c_termination_complete 0000000180004cfc f   libucrt:exit.obj
 0001:00003ec8       __acrt_allocate_buffer_for_argv 0000000180004ec8 f   libucrt:argv_parsing.obj
 0001:00003f28       _configure_narrow_argv     0000000180004f28 f   libucrt:argv_parsing.obj
 0001:000042a0       __dcrt_uninitialize_environments_nolock 00000001800052a0 f   libucrt:environment_initialization.obj
 0001:000042d8       _initialize_narrow_environment 00000001800052d8 f   libucrt:environment_initialization.obj
 0001:00004434       _execute_onexit_table      0000000180005434 f   libucrt:onexit.obj
 0001:00004470       _initialize_onexit_table   0000000180005470 f   libucrt:onexit.obj
 0001:000044d0       __acrt_uninitialize_command_line 00000001800054d0 f   libucrt:argv_data.obj
 0001:000045c8       __acrt_initialize          00000001800055c8 f   libucrt:initialization.obj
 0001:000045dc       __acrt_thread_attach       00000001800055dc f   libucrt:initialization.obj
 0001:000045f0       __acrt_thread_detach       00000001800055f0 f   libucrt:initialization.obj
 0001:00004600       __acrt_uninitialize        0000000180005600 f   libucrt:initialization.obj
 0001:00004638       __acrt_uninitialize_critical 0000000180005638 f   libucrt:initialization.obj
 0001:00004648       terminate                  0000000180005648 f   libucrt:terminate.obj
 0001:00004668       strcpy_s                   0000000180005668 f   libucrt:strcpy_s.obj
 0001:000048dc       ??$ensure_buffer_is_big_enough@D@formatting_buffer@__crt_stdio_output@@QEAA_N_K@Z 00000001800058dc f i libucrt:output.obj
 0001:00004984       ??$ensure_buffer_is_big_enough@_W@formatting_buffer@__crt_stdio_output@@QEAA_N_K@Z 0000000180005984 f i libucrt:output.obj
 0001:00004a30       ??$is_wide_character_specifier@_W@__crt_stdio_output@@YA_N_K_WW4length_modifier@0@@Z 0000000180005a30 f i libucrt:output.obj
 0001:00004a70       ??$type_case_integer_parse_into_buffer@I@?$output_processor@_WV?$string_output_adapter@_W@__crt_stdio_output@@V?$standard_base@_WV?$string_output_adapter@_W@__crt_stdio_output@@@2@@__crt_stdio_output@@AEAAXII_N@Z 0000000180005a70 f i libucrt:output.obj
 0001:00004a70       ??$type_case_integer_parse_into_buffer@I@?$output_processor@_WV?$stream_output_adapter@_W@__crt_stdio_output@@V?$standard_base@_WV?$stream_output_adapter@_W@__crt_stdio_output@@@2@@__crt_stdio_output@@AEAAXII_N@Z 0000000180005a70 f i libucrt:output.obj
 0001:00004b14       ??$type_case_integer_parse_into_buffer@_K@?$output_processor@_WV?$stream_output_adapter@_W@__crt_stdio_output@@V?$standard_base@_WV?$stream_output_adapter@_W@__crt_stdio_output@@@2@@__crt_stdio_output@@AEAAX_KI_N@Z 0000000180005b14 f i libucrt:output.obj
 0001:00004b14       ??$type_case_integer_parse_into_buffer@_K@?$output_processor@_WV?$string_output_adapter@_W@__crt_stdio_output@@V?$standard_base@_WV?$string_output_adapter@_W@__crt_stdio_output@@@2@@__crt_stdio_output@@AEAAX_KI_N@Z 0000000180005b14 f i libucrt:output.obj
 0001:00004bb8       ??$write_multiple_characters@V?$stream_output_adapter@_W@__crt_stdio_output@@D@__crt_stdio_output@@YAXAEBV?$stream_output_adapter@_W@0@DHQEAH@Z 0000000180005bb8 f i libucrt:output.obj
 0001:00004c4c       ??$write_multiple_characters@V?$string_output_adapter@_W@__crt_stdio_output@@D@__crt_stdio_output@@YAXAEBV?$string_output_adapter@_W@0@DHQEAH@Z 0000000180005c4c f i libucrt:output.obj
 0001:00004dfc       ?crop_zeroes@__crt_stdio_output@@YAXPEADQEAU__crt_locale_pointers@@@Z 0000000180005dfc f i libucrt:output.obj
 0001:00004e68       ?force_decimal_point@__crt_stdio_output@@YAXPEADQEAU__crt_locale_pointers@@@Z 0000000180005e68 f i libucrt:output.obj
 0001:00004ed8       ?parse_int_from_format_string@?$output_processor@_WV?$stream_output_adapter@_W@__crt_stdio_output@@V?$standard_base@_WV?$stream_output_adapter@_W@__crt_stdio_output@@@2@@__crt_stdio_output@@AEAA_NQEAH@Z 0000000180005ed8 f i libucrt:output.obj
 0001:00004ed8       ?parse_int_from_format_string@?$output_processor@_WV?$string_output_adapter@_W@__crt_stdio_output@@V?$standard_base@_WV?$string_output_adapter@_W@__crt_stdio_output@@@2@@__crt_stdio_output@@AEAA_NQEAH@Z 0000000180005ed8 f i libucrt:output.obj
 0001:00004f7c       ?process@?$output_processor@_WV?$stream_output_adapter@_W@__crt_stdio_output@@V?$standard_base@_WV?$stream_output_adapter@_W@__crt_stdio_output@@@2@@__crt_stdio_output@@QEAAHXZ 0000000180005f7c f i libucrt:output.obj
 0001:000051e8       ?process@?$output_processor@_WV?$string_output_adapter@_W@__crt_stdio_output@@V?$standard_base@_WV?$string_output_adapter@_W@__crt_stdio_output@@@2@@__crt_stdio_output@@QEAAHXZ 00000001800061e8 f i libucrt:output.obj
 0001:00005464       ?state_case_size@?$output_processor@_WV?$stream_output_adapter@_W@__crt_stdio_output@@V?$standard_base@_WV?$stream_output_adapter@_W@__crt_stdio_output@@@2@@__crt_stdio_output@@AEAA_NXZ 0000000180006464 f i libucrt:output.obj
 0001:000055fc       ?state_case_size@?$output_processor@_WV?$string_output_adapter@_W@__crt_stdio_output@@V?$standard_base@_WV?$string_output_adapter@_W@__crt_stdio_output@@@2@@__crt_stdio_output@@AEAA_NXZ 00000001800065fc f i libucrt:output.obj
 0001:00005794       ?state_case_type@?$output_processor@_WV?$stream_output_adapter@_W@__crt_stdio_output@@V?$standard_base@_WV?$stream_output_adapter@_W@__crt_stdio_output@@@2@@__crt_stdio_output@@AEAA_NXZ 0000000180006794 f i libucrt:output.obj
 0001:00005a74       ?state_case_type@?$output_processor@_WV?$string_output_adapter@_W@__crt_stdio_output@@V?$standard_base@_WV?$string_output_adapter@_W@__crt_stdio_output@@@2@@__crt_stdio_output@@AEAA_NXZ 0000000180006a74 f i libucrt:output.obj
 0001:00005d40       ?type_case_Z@?$output_processor@_WV?$string_output_adapter@_W@__crt_stdio_output@@V?$standard_base@_WV?$string_output_adapter@_W@__crt_stdio_output@@@2@@__crt_stdio_output@@AEAA_NXZ 0000000180006d40 f i libucrt:output.obj
 0001:00005d40       ?type_case_Z@?$output_processor@_WV?$stream_output_adapter@_W@__crt_stdio_output@@V?$standard_base@_WV?$stream_output_adapter@_W@__crt_stdio_output@@@2@@__crt_stdio_output@@AEAA_NXZ 0000000180006d40 f i libucrt:output.obj
 0001:00005dbc       ?type_case_a@?$output_processor@_WV?$string_output_adapter@_W@__crt_stdio_output@@V?$standard_base@_WV?$string_output_adapter@_W@__crt_stdio_output@@@2@@__crt_stdio_output@@AEAA_NXZ 0000000180006dbc f i libucrt:output.obj
 0001:00005dbc       ?type_case_a@?$output_processor@_WV?$stream_output_adapter@_W@__crt_stdio_output@@V?$standard_base@_WV?$stream_output_adapter@_W@__crt_stdio_output@@@2@@__crt_stdio_output@@AEAA_NXZ 0000000180006dbc f i libucrt:output.obj
 0001:00005f9c       ?type_case_c_tchar@?$output_processor@_WV?$stream_output_adapter@_W@__crt_stdio_output@@V?$standard_base@_WV?$stream_output_adapter@_W@__crt_stdio_output@@@2@@__crt_stdio_output@@AEAA_N_W@Z 0000000180006f9c f i libucrt:output.obj
 0001:00005f9c       ?type_case_c_tchar@?$output_processor@_WV?$string_output_adapter@_W@__crt_stdio_output@@V?$standard_base@_WV?$string_output_adapter@_W@__crt_stdio_output@@@2@@__crt_stdio_output@@AEAA_N_W@Z 0000000180006f9c f i libucrt:output.obj
 0001:00006044       ?type_case_integer@?$output_processor@_WV?$stream_output_adapter@_W@__crt_stdio_output@@V?$standard_base@_WV?$stream_output_adapter@_W@__crt_stdio_output@@@2@@__crt_stdio_output@@AEAA_NI_N@Z 0000000180007044 f i libucrt:output.obj
 0001:00006044       ?type_case_integer@?$output_processor@_WV?$string_output_adapter@_W@__crt_stdio_output@@V?$standard_base@_WV?$string_output_adapter@_W@__crt_stdio_output@@@2@@__crt_stdio_output@@AEAA_NI_N@Z 0000000180007044 f i libucrt:output.obj
 0001:00006210       ?type_case_n@?$output_processor@_WV?$string_output_adapter@_W@__crt_stdio_output@@V?$standard_base@_WV?$string_output_adapter@_W@__crt_stdio_output@@@2@@__crt_stdio_output@@AEAA_NXZ 0000000180007210 f i libucrt:output.obj
 0001:00006210       ?type_case_n@?$output_processor@_WV?$stream_output_adapter@_W@__crt_stdio_output@@V?$standard_base@_WV?$stream_output_adapter@_W@__crt_stdio_output@@@2@@__crt_stdio_output@@AEAA_NXZ 0000000180007210 f i libucrt:output.obj
 0001:000062ec       ?type_case_s@?$output_processor@_WV?$string_output_adapter@_W@__crt_stdio_output@@V?$standard_base@_WV?$string_output_adapter@_W@__crt_stdio_output@@@2@@__crt_stdio_output@@AEAA_NXZ 00000001800072ec f i libucrt:output.obj
 0001:000062ec       ?type_case_s@?$output_processor@_WV?$stream_output_adapter@_W@__crt_stdio_output@@V?$standard_base@_WV?$stream_output_adapter@_W@__crt_stdio_output@@@2@@__crt_stdio_output@@AEAA_NXZ 00000001800072ec f i libucrt:output.obj
 0001:000063b4       ?write_stored_string_tchar@?$output_processor@_WV?$stream_output_adapter@_W@__crt_stdio_output@@V?$standard_base@_WV?$stream_output_adapter@_W@__crt_stdio_output@@@2@@__crt_stdio_output@@AEAA_N_W@Z 00000001800073b4 f i libucrt:output.obj
 0001:000064bc       ?write_stored_string_tchar@?$output_processor@_WV?$string_output_adapter@_W@__crt_stdio_output@@V?$standard_base@_WV?$string_output_adapter@_W@__crt_stdio_output@@@2@@__crt_stdio_output@@AEAA_N_W@Z 00000001800074bc f i libucrt:output.obj
 0001:000065a8       ?write_string@?$string_output_adapter@_W@__crt_stdio_output@@QEBAXQEB_WHQEAHAEAV__crt_deferred_errno_cache@@@Z 00000001800075a8 f i libucrt:output.obj
 0001:00006650       ?write_string_impl@?$output_adapter_common@_WV?$stream_output_adapter@_W@__crt_stdio_output@@@__crt_stdio_output@@IEBAXQEB_WHQEAHAEAV__crt_deferred_errno_cache@@@Z 0000000180007650 f i libucrt:output.obj
 0001:00006754       __stdio_common_vfwprintf   0000000180007754 f   libucrt:output.obj
 0001:000067e0       __stdio_common_vswprintf   00000001800077e0 f   libucrt:output.obj
 0001:000067e8       ??$parse_integer@KV?$c_string_character_source@_W@__crt_strtox@@@__crt_strtox@@YAKQEAU__crt_locale_pointers@@V?$c_string_character_source@_W@0@H_N@Z 00000001800077e8 f i libucrt:atox.obj
 0001:00006eb0       strncmp                    0000000180007eb0 f   libucrt:strncmp.obj
 0001:00006f30       abort                      0000000180007f30 f   libucrt:abort.obj
 0001:00006f88       calloc                     0000000180007f88 f   libucrt:calloc.obj
 0001:00006f90       wcsncmp                    0000000180007f90 f   libucrt:wcsncmp.obj
 0001:00006fbc       _query_app_type            0000000180007fbc f   libucrt:report_runtime_error.obj
 0001:00006fc4       __acrt_errno_from_os_error 0000000180007fc4 f   libucrt:errno.obj
 0001:0000700c       __acrt_errno_map_os_error  000000018000800c f   libucrt:errno.obj
 0001:0000705c       __doserrno                 000000018000805c f   libucrt:errno.obj
 0001:0000707c       _errno                     000000018000807c f   libucrt:errno.obj
 0001:000071dc       _itow_s                    00000001800081dc f   libucrt:xtoa.obj
 0001:000071fc       _set_error_mode            00000001800081fc f   libucrt:set_error_mode.obj
 0001:0000723c       wcscat_s                   000000018000823c f   libucrt:wcscat_s.obj
 0001:000072bc       wcscpy_s                   00000001800082bc f   libucrt:wcscpy_s.obj
 0001:00007324       wcsncat_s                  0000000180008324 f   libucrt:wcsncat_s.obj
 0001:00007424       ??$__acrt_wcs_to_mbs_cp@U__crt_win32_buffer_no_resizing@@@@YAHQEB_WAEAV?$__crt_win32_buffer@DU__crt_win32_buffer_no_resizing@@@@I@Z 0000000180008424 f i libucrt:getmodulefilenamea.obj
 0001:00007538       __acrt_GetModuleFileNameA  0000000180008538 f   libucrt:getmodulefilenamea.obj
 0001:00007658       __acrt_show_wide_message_box 0000000180008658 f   libucrt:crtmbox.obj
 0001:000076fc       __acrt_initialize_stdio    00000001800086fc f   libucrt:_file.obj
 0001:0000781c       __acrt_iob_func            000000018000881c f   libucrt:_file.obj
 0001:00007830       __acrt_uninitialize_stdio  0000000180008830 f   libucrt:_file.obj
 0001:0000788c       _lock_file                 000000018000888c f   libucrt:_file.obj
 0001:00007898       _unlock_file               0000000180008898 f   libucrt:_file.obj
 0001:00007ac0       __acrt_stdio_flush_nolock  0000000180008ac0 f   libucrt:fflush.obj
 0001:00007b3c       _fflush_nolock             0000000180008b3c f   libucrt:fflush.obj
 0001:00007b88       _flushall                  0000000180008b88 f   libucrt:fflush.obj
 0001:00007b90       fflush                     0000000180008b90 f   libucrt:fflush.obj
 0001:00007d18       setvbuf                    0000000180008d18 f   libucrt:setvbuf.obj
 0001:00007dfc       __acrt_get_sigabrt_handler 0000000180008dfc f   libucrt:signal.obj
 0001:00007e2c       __acrt_initialize_signal_handlers 0000000180008e2c f   libucrt:signal.obj
 0001:00007e4c       raise                      0000000180008e4c f   libucrt:signal.obj
 0001:00008430       __acrt_freeptd             0000000180009430 f   libucrt:per_thread_data.obj
 0001:00008474       __acrt_getptd              0000000180009474 f   libucrt:per_thread_data.obj
 0001:00008548       __acrt_getptd_head         0000000180009548 f   libucrt:per_thread_data.obj
 0001:000085f0       __acrt_getptd_noexit       00000001800095f0 f   libucrt:per_thread_data.obj
 0001:000086bc       __acrt_initialize_ptd      00000001800096bc f   libucrt:per_thread_data.obj
 0001:000086f8       __acrt_uninitialize_ptd    00000001800096f8 f   libucrt:per_thread_data.obj
 0001:0000877c       _tolower_l                 000000018000977c f   libucrt:tolower_toupper.obj
 0001:000088bc       tolower                    00000001800098bc f   libucrt:tolower_toupper.obj
 0001:000088e8       __acrt_update_locale_info  00000001800098e8 f   libucrt:locale_update.obj
 0001:0000891c       __acrt_update_multibyte_info 000000018000991c f   libucrt:locale_update.obj
 0001:000089c0       __acrt_set_locale_changed  00000001800099c0 f   libucrt:wsetlocale.obj
 0001:000089cc       __acrt_uninitialize_locale 00000001800099cc f   libucrt:wsetlocale.obj
 0001:000089fc       __acrt_initialize_locks    00000001800099fc f   libucrt:locks.obj
 0001:00008a44       __acrt_lock                0000000180009a44 f   libucrt:locks.obj
 0001:00008a60       __acrt_uninitialize_locks  0000000180009a60 f   libucrt:locks.obj
 0001:00008a98       __acrt_unlock              0000000180009a98 f   libucrt:locks.obj
 0001:00008ab4       _malloc_base               0000000180009ab4 f   libucrt:malloc_base.obj
 0001:00008b14       _free_base                 0000000180009b14 f   libucrt:free_base.obj
 0001:00008b54       __acrt_get_developer_information_policy 0000000180009b54 f   libucrt:win_policies.obj
 0001:00008ba8       __acrt_get_process_end_policy 0000000180009ba8 f   libucrt:win_policies.obj
 0001:00008be4       __acrt_get_windowing_model_policy 0000000180009be4 f   libucrt:win_policies.obj
 0001:00008c50       _calloc_base               0000000180009c50 f   libucrt:calloc_base.obj
 0001:00008cdc       ??$__acrt_mbs_to_wcs_cp@U__crt_win32_buffer_internal_dynamic_resizing@@@@YAHQEBDAEAV?$__crt_win32_buffer@_WU__crt_win32_buffer_internal_dynamic_resizing@@@@I@Z 0000000180009cdc f i libucrt:argv_wildcards.obj
 0001:00008e54       ??$__acrt_wcs_to_mbs_cp@U__crt_win32_buffer_internal_dynamic_resizing@@@@YAHQEB_WAEAV?$__crt_win32_buffer@DU__crt_win32_buffer_internal_dynamic_resizing@@@@I@Z 0000000180009e54 f i libucrt:argv_wildcards.obj
 0001:00009684       __acrt_expand_narrow_argv_wildcards 000000018000a684 f   libucrt:argv_wildcards.obj
 0001:00009db8       __acrt_initialize_multibyte 000000018000adb8 f   libucrt:mbctype.obj
 0001:00009e18       __acrt_update_thread_multibyte_data 000000018000ae18 f   libucrt:mbctype.obj
 0001:00009e34       _setmbcp_nolock            000000018000ae34 f   libucrt:mbctype.obj
 0001:0000a168       _ismbblead                 000000018000b168 f   libucrt:ismbbyte.obj
 0001:0000a17c       __acrt_initialize_command_line 000000018000b17c f   libucrt:argv_data.obj
 0001:0000a1a4       __acrt_MultiByteToWideChar 000000018000b1a4 f   libucrt:multibytetowidechar.obj
 0001:0000a200       __acrt_WideCharToMultiByte 000000018000b200 f   libucrt:widechartomultibyte.obj
 0001:0000a298       __dcrt_get_narrow_environment_from_os 000000018000b298 f   libucrt:get_environment_from_os.obj
 0001:0000a39c       _recalloc_base             000000018000b39c f   libucrt:recalloc.obj
 0001:0000a60c       __acrt_AppPolicyGetProcessTerminationMethodInternal 000000018000b60c f   libucrt:winapi_thunks.obj
 0001:0000a65c       __acrt_AppPolicyGetShowDeveloperDiagnosticInternal 000000018000b65c f   libucrt:winapi_thunks.obj
 0001:0000a6ac       __acrt_AppPolicyGetWindowingModelInternal 000000018000b6ac f   libucrt:winapi_thunks.obj
 0001:0000a6fc       __acrt_AreFileApisANSI     000000018000b6fc f   libucrt:winapi_thunks.obj
 0001:0000a738       __acrt_FlsAlloc            000000018000b738 f   libucrt:winapi_thunks.obj
 0001:0000a780       __acrt_FlsFree             000000018000b780 f   libucrt:winapi_thunks.obj
 0001:0000a7c8       __acrt_FlsGetValue         000000018000b7c8 f   libucrt:winapi_thunks.obj
 0001:0000a810       __acrt_FlsSetValue         000000018000b810 f   libucrt:winapi_thunks.obj
 0001:0000a864       __acrt_InitializeCriticalSectionEx 000000018000b864 f   libucrt:winapi_thunks.obj
 0001:0000a8c8       __acrt_LCMapStringEx       000000018000b8c8 f   libucrt:winapi_thunks.obj
 0001:0000a9a4       __acrt_LocaleNameToLCID    000000018000b9a4 f   libucrt:winapi_thunks.obj
 0001:0000a9f4       __acrt_MessageBoxW         000000018000b9f4 f   libucrt:winapi_thunks.obj
 0001:0000aa68       __acrt_can_show_message_box 000000018000ba68 f   libucrt:winapi_thunks.obj
 0001:0000aad8       __acrt_get_parent_window   000000018000bad8 f   libucrt:winapi_thunks.obj
 0001:0000ab50       __acrt_initialize_winapi_thunks 000000018000bb50 f   libucrt:winapi_thunks.obj
 0001:0000ab84       __acrt_is_interactive      000000018000bb84 f   libucrt:winapi_thunks.obj
 0001:0000ac4c       __acrt_uninitialize_winapi_thunks 000000018000bc4c f   libucrt:winapi_thunks.obj
 0001:0000ac90       __acrt_initialize_heap     000000018000bc90 f   libucrt:heap_handle.obj
 0001:0000acac       __acrt_uninitialize_heap   000000018000bcac f   libucrt:heap_handle.obj
 0001:0000aeb4       __acrt_initialize_lowio    000000018000beb4 f   libucrt:ioinit.obj
 0001:0000aef0       __acrt_uninitialize_lowio  000000018000bef0 f   libucrt:ioinit.obj
 0001:0000af30       __acrt_execute_initializers 000000018000bf30 f   libucrt:shared_initialization.obj
 0001:0000afb0       __acrt_execute_uninitializers 000000018000bfb0 f   libucrt:shared_initialization.obj
 0001:0000afec       __acrt_has_user_matherr    000000018000bfec f   libucrt:matherr.obj
 0001:0000b00c       __acrt_initialize_user_matherr 000000018000c00c f   libucrt:matherr.obj
 0001:0000b014       __acrt_invoke_user_matherr 000000018000c014 f   libucrt:matherr.obj
 0001:0000b044       __acrt_stdio_begin_temporary_buffering_nolock 000000018000c044 f   libucrt:_sftbuf.obj
 0001:0000b114       __acrt_stdio_end_temporary_buffering_nolock 000000018000c114 f   libucrt:_sftbuf.obj
 0001:0000b150       isdigit                    000000018000c150 f i libucrt:_ctype.obj
 0001:0000b1e4       wcstol                     000000018000c1e4 f   libucrt:strtox.obj
 0001:0000b210       _mbtowc_l                  000000018000c210 f   libucrt:mbtowc.obj
 0001:0000b38c       mbtowc                     000000018000c38c f   libucrt:mbtowc.obj
 0001:0000b394       _wctomb_s_l                000000018000c394 f   libucrt:wctomb.obj
 0001:0000b534       wctomb_s                   000000018000c534 f   libucrt:wctomb.obj
 0001:0000b548       wcsnlen                    000000018000c548 f   libucrt:strnlen.obj
 0001:0000c0f4       __acrt_fp_format           000000018000d0f4 f   libucrt:cvt.obj
 0001:0000c37c       _fputwc_nolock             000000018000d37c f   libucrt:fputwc.obj
 0001:0000c4f8       _fileno                    000000018000d4f8 f   libucrt:fileno.obj
 0001:0000c520       _fputc_nolock              000000018000d520 f   libucrt:fputc.obj
 0001:0000c538       _get_printf_count_output   000000018000d538 f   libucrt:printf_count_output.obj
 0001:0000c550       __pctype_func              000000018000d550 f   libucrt:ctype.obj
 0001:0000c580       iswctype                   000000018000d580 f   libucrt:iswctype.obj
 0001:0000c5f0       _isctype_l                 000000018000d5f0 f   libucrt:isctype.obj
 0001:0000c700       _fcloseall                 000000018000d700 f   libucrt:closeall.obj
 0001:0000c7b4       __acrt_stdio_free_buffer_nolock 000000018000d7b4 f   libucrt:_freebuf.obj
 0001:0000c880       _commit                    000000018000d880 f   libucrt:commit.obj
 0001:0000d180       _write                     000000018000e180 f   libucrt:write.obj
 0001:0000d26c       _write_nolock              000000018000e26c f   libucrt:write.obj
 0001:0000d548       __acrt_add_locale_ref      000000018000e548 f   libucrt:locale_refcounting.obj
 0001:0000d5d4       __acrt_free_locale         000000018000e5d4 f   libucrt:locale_refcounting.obj
 0001:0000d74c       __acrt_locale_add_lc_time_reference 000000018000e74c f   libucrt:locale_refcounting.obj
 0001:0000d774       __acrt_locale_free_lc_time_if_unreferenced 000000018000e774 f   libucrt:locale_refcounting.obj
 0001:0000d7ac       __acrt_locale_release_lc_time_reference 000000018000e7ac f   libucrt:locale_refcounting.obj
 0001:0000d7d4       __acrt_release_locale_ref  000000018000e7d4 f   libucrt:locale_refcounting.obj
 0001:0000d87c       __acrt_update_thread_locale_data 000000018000e87c f   libucrt:locale_refcounting.obj
 0001:0000d8ec       _updatetlocinfoEx_nolock   000000018000e8ec f   libucrt:locale_refcounting.obj
 0001:0000d954       _isleadbyte_l              000000018000e954 f i libucrt:_wctype.obj
 0001:0000dcb8       __acrt_LCMapStringA        000000018000ecb8 f   libucrt:lcmapstringa.obj
 0001:0000dd50       __acrt_locale_free_monetary 000000018000ed50 f   libucrt:initmon.obj
 0001:0000de5c       __acrt_locale_free_numeric 000000018000ee5c f   libucrt:initnum.obj
 0001:0000df20       __acrt_locale_free_time    000000018000ef20 f   libucrt:inittime.obj
 0001:0000e028       __acrt_GetStringTypeA      000000018000f028 f   libucrt:getstringtypea.obj
 0001:0000e1b8       _query_new_mode            000000018000f1b8 f   libucrt:new_mode.obj
 0001:0000e1c0       qsort                      000000018000f1c0 f   libucrt:qsort.obj
 0001:0000e580       strncpy_s                  000000018000f580 f   libucrt:strncpy_s.obj
 0001:0000e700       strpbrk                    000000018000f700 f   libucrt:strpbrk.obj
 0001:0000eae0       _mbsdec                    000000018000fae0 f   libucrt:mbsdec.obj
 0001:0000eae8       _mbsdec_l                  000000018000fae8 f   libucrt:mbsdec.obj
 0001:0000eb94       _msize_base                000000018000fb94 f   libucrt:msize.obj
 0001:0000ebd0       _realloc_base              000000018000fbd0 f   libucrt:realloc_base.obj
 0001:0000ed34       __acrt_DownlevelLocaleNameToLCID 000000018000fd34 f   libucrt:lcidtoname_downlevel.obj
 0001:0000ed68       __acrt_lowio_create_handle_array 000000018000fd68 f   libucrt:osfinfo.obj
 0001:0000ee10       __acrt_lowio_destroy_handle_array 000000018000fe10 f   libucrt:osfinfo.obj
 0001:0000ee60       __acrt_lowio_ensure_fh_exists 000000018000fe60 f   libucrt:osfinfo.obj
 0001:0000ef08       __acrt_lowio_lock_fh       000000018000ff08 f   libucrt:osfinfo.obj
 0001:0000ef30       __acrt_lowio_unlock_fh     000000018000ff30 f   libucrt:osfinfo.obj
 0001:0000ef58       _free_osfhnd               000000018000ff58 f   libucrt:osfinfo.obj
 0001:0000f014       _get_osfhandle             0000000180010014 f   libucrt:osfinfo.obj
 0001:0000f08c       _isatty                    000000018001008c f   libucrt:isatty.obj
 0001:0000f0ec       ?__mbrtowc_utf8@__crt_mbstring@@YA_KPEA_WPEBD_KPEAU_Mbstatet@@@Z 00000001800100ec f   libucrt:mbrtowc.obj
 0001:0000f128       ?__mbsrtowcs_utf8@__crt_mbstring@@YA_KPEA_WPEAPEBD_KPEAU_Mbstatet@@@Z 0000000180010128 f   libucrt:mbrtowc.obj
 0001:0000f2a0       ?__c32rtomb_utf8@__crt_mbstring@@YA_KPEAD_UPEAU_Mbstatet@@@Z 00000001800102a0 f   libucrt:c32rtomb.obj
 0001:0000f358       __acrt_fp_strflt_to_string 0000000180010358 f   libucrt:_fptostr.obj
 0001:0000f440       ?divide@__crt_strtox@@YA_KAEAUbig_integer@1@AEBU21@@Z 0000000180010440 f i libucrt:cfout.obj
 0001:0000f86c       __acrt_fltout              000000018001086c f   libucrt:cfout.obj
 0001:00010d6c       __acrt_stdio_flush_and_write_narrow_nolock 0000000180011d6c f   libucrt:_flsbuf.obj
 0001:00010e58       __acrt_stdio_flush_and_write_wide_nolock 0000000180011e58 f   libucrt:_flsbuf.obj
 0001:00010f44       __acrt_GetStringTypeW      0000000180011f44 f   libucrt:getstringtypew.obj
 0001:00010f4c       _fclose_nolock             0000000180011f4c f   libucrt:fclose.obj
 0001:00010fd0       fclose                     0000000180011fd0 f   libucrt:fclose.obj
 0001:000111c0       _lseeki64                  00000001800121c0 f   libucrt:lseek.obj
 0001:000111c8       _lseeki64_nolock           00000001800121c8 f   libucrt:lseek.obj
 0001:000111d0       _putwch_nolock             00000001800121d0 f   libucrt:putwch.obj
 0001:0001120c       __strncnt                  000000018001220c f   libucrt:strncnt.obj
 0001:00011224       ?__mbrtoc32_utf8@__crt_mbstring@@YA_KPEA_UPEBD_KPEAU_Mbstatet@@@Z 0000000180012224 f   libucrt:mbrtoc32.obj
 0001:00011400       fegetenv                   0000000180012400 f   libucrt:fegetenv.obj
 0001:00011420       fesetenv                   0000000180012420 f   libucrt:fesetenv.obj
 0001:00011470       feholdexcept               0000000180012470 f   libucrt:feholdexcept.obj
 0001:000114c0       ceil                       00000001800124c0 f   libucrt:ceil.obj
 0001:00011590       log10                      0000000180012590 f   libucrt:log10.obj
 0001:00011b3c       __acrt_stdio_allocate_buffer_nolock 0000000180012b3c f   libucrt:_getbuf.obj
 0001:00011c18       _close                     0000000180012c18 f   libucrt:close.obj
 0001:00011cbc       _close_nolock              0000000180012cbc f   libucrt:close.obj
 0001:00011d7c       ?__acrt_stdio_free_stream@@YAXV__crt_stdio_stream@@@Z 0000000180012d7c f   libucrt:stream.obj
 0001:00011d98       __dcrt_lowio_ensure_console_output_initialized 0000000180012d98 f   libucrt:initcon.obj
 0001:00011dec       __dcrt_terminate_console_output 0000000180012dec f   libucrt:initcon.obj
 0001:00011e08       __dcrt_write_console       0000000180012e08 f   libucrt:initcon.obj
 0001:00011ec8       __acrt_fenv_get_control    0000000180012ec8 f   libucrt:_fenvutils.obj
 0001:00011fbc       __acrt_fenv_get_status     0000000180012fbc f   libucrt:_fenvutils.obj
 0001:00012010       __acrt_fenv_set_control    0000000180013010 f   libucrt:_fenvutils.obj
 0001:00012158       __acrt_fenv_set_status     0000000180013158 f   libucrt:_fenvutils.obj
 0001:000121dc       _clearfp                   00000001800131dc f   libucrt:ieee.obj
 0001:00012370       _handle_error              0000000180013370 f   libucrt:libm_error.obj
 0001:00012498       _handle_nan                0000000180013498 f   libucrt:libm_error.obj
 0001:000124c0       __acrt_initialize_fma3     00000001800134c0 f   libucrt:fma3_available.obj
 0001:00012530       _log10_special             0000000180013530 f   libucrt:log_special.obj
 0001:00012600       _get_fpsr                  0000000180013600 f   libucrt:fpsr.obj
 0001:00012610       _set_fpsr                  0000000180013610 f   libucrt:fpsr.obj
 0001:0001261a       _fclrf                     000000018001361a f   libucrt:fpsr.obj
 0001:0001262e       _frnd                      000000018001362e f   libucrt:fpsr.obj
 0001:00012650       _raise_exc                 0000000180013650 f   libucrt:fpexcept.obj
 0001:00012678       _raise_exc_ex              0000000180013678 f   libucrt:fpexcept.obj
 0001:00012988       _set_errno_from_matherr    0000000180013988 f   libucrt:fpexcept.obj
 0001:000129b8       _clrfp                     00000001800139b8 f   libucrt:fpctrl.obj
 0001:000129d8       _ctrlfp                    00000001800139d8 f   libucrt:fpctrl.obj
 0001:00012a54       _set_statfp                0000000180013a54 f   libucrt:fpctrl.obj
 0001:00012a74       _statfp                    0000000180013a74 f   libucrt:fpctrl.obj
 0001:00012a85       IsProcessorFeaturePresent  0000000180013a85 f   kernel32:KERNEL32.dll
 0001:00012a8c       ?DloadAcquireSectionWriteAccess@@YAXXZ 0000000180013a8c f i DelayImp:delayhlp.obj
 0001:00012b38       ?DloadGetSRWLockFunctionPointers@@YAEXZ 0000000180013b38 f i DelayImp:delayhlp.obj
 0001:00012bd4       ?DloadMakePermanentImageCommit@@YAXPEAX_K@Z 0000000180013bd4 f i DelayImp:delayhlp.obj
 0001:00012c6c       ?DloadObtainSection@@YAPEAXPEAK0@Z 0000000180013c6c f i DelayImp:delayhlp.obj
 0001:00012d08       ?DloadProtectSection@@YAXKPEAK@Z 0000000180013d08 f i DelayImp:delayhlp.obj
 0001:00012d98       ?DloadReleaseSectionWriteAccess@@YAXXZ 0000000180013d98 f i DelayImp:delayhlp.obj
 0001:00012e2c       __delayLoadHelper2         0000000180013e2c f   DelayImp:delayhlp.obj
 0001:000130f0       _FindPESection             00000001800140f0 f   LIBCMT:pesect.obj
 0001:00013140       _IsNonwritableInCurrentImage 0000000180014140 f   LIBCMT:pesect.obj
 0001:00013190       _ValidateImageBase         0000000180014190 f   LIBCMT:pesect.obj
 0001:000131c0       __GSHandlerCheck           00000001800141c0 f   LIBCMT:gshandler.obj
 0001:000131e0       __GSHandlerCheckCommon     00000001800141e0 f   LIBCMT:gshandler.obj
 0001:00013250       _alloca_probe              0000000180014250 f   LIBCMT:chkstk.obj
 0001:00013250       __chkstk                   0000000180014250 f   LIBCMT:chkstk.obj
 0001:000132c0       memcmp                     00000001800142c0 f   libvcruntime:memcmp.obj
 0001:00013388       strrchr                    0000000180014388 f   libvcruntime:strrchr.obj
 0001:000134f0       _guard_dispatch_icall_nop  00000001800144f0 f   LIBCMT:guard_dispatch.obj
 0002:00000000       __imp_GetModuleHandleA     0000000180015000     kernel32:KERNEL32.dll
 0002:00000008       __imp_LoadLibraryExA       0000000180015008     kernel32:KERNEL32.dll
 0002:00000010       __imp_RtlCaptureContext    0000000180015010     kernel32:KERNEL32.dll
 0002:00000018       __imp_RtlLookupFunctionEntry 0000000180015018     kernel32:KERNEL32.dll
 0002:00000020       __imp_RtlVirtualUnwind     0000000180015020     kernel32:KERNEL32.dll
 0002:00000028       __imp_UnhandledExceptionFilter 0000000180015028     kernel32:KERNEL32.dll
 0002:00000030       __imp_SetUnhandledExceptionFilter 0000000180015030     kernel32:KERNEL32.dll
 0002:00000038       __imp_GetCurrentProcess    0000000180015038     kernel32:KERNEL32.dll
 0002:00000040       __imp_TerminateProcess     0000000180015040     kernel32:KERNEL32.dll
 0002:00000048       __imp_IsProcessorFeaturePresent 0000000180015048     kernel32:KERNEL32.dll
 0002:00000050       __imp_QueryPerformanceCounter 0000000180015050     kernel32:KERNEL32.dll
 0002:00000058       __imp_GetCurrentProcessId  0000000180015058     kernel32:KERNEL32.dll
 0002:00000060       __imp_GetCurrentThreadId   0000000180015060     kernel32:KERNEL32.dll
 0002:00000068       __imp_GetSystemTimeAsFileTime 0000000180015068     kernel32:KERNEL32.dll
 0002:00000070       __imp_InitializeSListHead  0000000180015070     kernel32:KERNEL32.dll
 0002:00000078       __imp_IsDebuggerPresent    0000000180015078     kernel32:KERNEL32.dll
 0002:00000080       __imp_GetStartupInfoW      0000000180015080     kernel32:KERNEL32.dll
 0002:00000088       __imp_GetModuleHandleW     0000000180015088     kernel32:KERNEL32.dll
 0002:00000090       __imp_RtlPcToFileHeader    0000000180015090     kernel32:KERNEL32.dll
 0002:00000098       __imp_RaiseException       0000000180015098     kernel32:KERNEL32.dll
 0002:000000a0       __imp_RtlUnwindEx          00000001800150a0     kernel32:KERNEL32.dll
 0002:000000a8       __imp_InterlockedFlushSList 00000001800150a8     kernel32:KERNEL32.dll
 0002:000000b0       __imp_GetLastError         00000001800150b0     kernel32:KERNEL32.dll
 0002:000000b8       __imp_SetLastError         00000001800150b8     kernel32:KERNEL32.dll
 0002:000000c0       __imp_EnterCriticalSection 00000001800150c0     kernel32:KERNEL32.dll
 0002:000000c8       __imp_LeaveCriticalSection 00000001800150c8     kernel32:KERNEL32.dll
 0002:000000d0       __imp_DeleteCriticalSection 00000001800150d0     kernel32:KERNEL32.dll
 0002:000000d8       __imp_InitializeCriticalSectionAndSpinCount 00000001800150d8     kernel32:KERNEL32.dll
 0002:000000e0       __imp_TlsAlloc             00000001800150e0     kernel32:KERNEL32.dll
 0002:000000e8       __imp_TlsGetValue          00000001800150e8     kernel32:KERNEL32.dll
 0002:000000f0       __imp_TlsSetValue          00000001800150f0     kernel32:KERNEL32.dll
 0002:000000f8       __imp_TlsFree              00000001800150f8     kernel32:KERNEL32.dll
 0002:00000100       __imp_FreeLibrary          0000000180015100     kernel32:KERNEL32.dll
 0002:00000108       __imp_GetProcAddress       0000000180015108     kernel32:KERNEL32.dll
 0002:00000110       __imp_LoadLibraryExW       0000000180015110     kernel32:KERNEL32.dll
 0002:00000118       __imp_GetStdHandle         0000000180015118     kernel32:KERNEL32.dll
 0002:00000120       __imp_GetFileType          0000000180015120     kernel32:KERNEL32.dll
 0002:00000128       __imp_GetModuleFileNameW   0000000180015128     kernel32:KERNEL32.dll
 0002:00000130       __imp_GetModuleHandleExW   0000000180015130     kernel32:KERNEL32.dll
 0002:00000138       __imp_WriteConsoleW        0000000180015138     kernel32:KERNEL32.dll
 0002:00000140       __imp_ExitProcess          0000000180015140     kernel32:KERNEL32.dll
 0002:00000148       __imp_WriteFile            0000000180015148     kernel32:KERNEL32.dll
 0002:00000150       __imp_OutputDebugStringW   0000000180015150     kernel32:KERNEL32.dll
 0002:00000158       __imp_HeapAlloc            0000000180015158     kernel32:KERNEL32.dll
 0002:00000160       __imp_HeapFree             0000000180015160     kernel32:KERNEL32.dll
 0002:00000168       __imp_FindClose            0000000180015168     kernel32:KERNEL32.dll
 0002:00000170       __imp_FindFirstFileExW     0000000180015170     kernel32:KERNEL32.dll
 0002:00000178       __imp_FindNextFileW        0000000180015178     kernel32:KERNEL32.dll
 0002:00000180       __imp_IsValidCodePage      0000000180015180     kernel32:KERNEL32.dll
 0002:00000188       __imp_GetACP               0000000180015188     kernel32:KERNEL32.dll
 0002:00000190       __imp_GetOEMCP             0000000180015190     kernel32:KERNEL32.dll
 0002:00000198       __imp_GetCPInfo            0000000180015198     kernel32:KERNEL32.dll
 0002:000001a0       __imp_GetCommandLineA      00000001800151a0     kernel32:KERNEL32.dll
 0002:000001a8       __imp_GetCommandLineW      00000001800151a8     kernel32:KERNEL32.dll
 0002:000001b0       __imp_MultiByteToWideChar  00000001800151b0     kernel32:KERNEL32.dll
 0002:000001b8       __imp_WideCharToMultiByte  00000001800151b8     kernel32:KERNEL32.dll
 0002:000001c0       __imp_GetEnvironmentStringsW 00000001800151c0     kernel32:KERNEL32.dll
 0002:000001c8       __imp_FreeEnvironmentStringsW 00000001800151c8     kernel32:KERNEL32.dll
 0002:000001d0       __imp_LCMapStringW         00000001800151d0     kernel32:KERNEL32.dll
 0002:000001d8       __imp_GetProcessHeap       00000001800151d8     kernel32:KERNEL32.dll
 0002:000001e0       __imp_FlushFileBuffers     00000001800151e0     kernel32:KERNEL32.dll
 0002:000001e8       __imp_GetConsoleCP         00000001800151e8     kernel32:KERNEL32.dll
 0002:000001f0       __imp_GetConsoleMode       00000001800151f0     kernel32:KERNEL32.dll
 0002:000001f8       __imp_GetStringTypeW       00000001800151f8     kernel32:KERNEL32.dll
 0002:00000200       __imp_HeapSize             0000000180015200     kernel32:KERNEL32.dll
 0002:00000208       __imp_HeapReAlloc          0000000180015208     kernel32:KERNEL32.dll
 0002:00000210       __imp_SetStdHandle         0000000180015210     kernel32:KERNEL32.dll
 0002:00000218       __imp_GetFileSizeEx        0000000180015218     kernel32:KERNEL32.dll
 0002:00000220       __imp_SetFilePointerEx     0000000180015220     kernel32:KERNEL32.dll
 0002:00000228       __imp_CloseHandle          0000000180015228     kernel32:KERNEL32.dll
 0002:00000230       __imp_CreateFileW          0000000180015230     kernel32:KERNEL32.dll
 0002:00000238       __imp_GetSystemInfo        0000000180015238     kernel32:KERNEL32.dll
 0002:00000240       __imp_VirtualProtect       0000000180015240     kernel32:KERNEL32.dll
 0002:00000248       __imp_VirtualQuery         0000000180015248     kernel32:KERNEL32.dll
 0002:00000250       \177KERNEL32_NULL_THUNK_DATA 0000000180015250     kernel32:KERNEL32.dll
 0002:00000258       __guard_check_icall_fptr   0000000180015258     LIBCMT:guard_support.obj
 0002:00000260       __guard_dispatch_icall_fptr 0000000180015260     LIBCMT:guard_support.obj
 0002:00000268       __xc_a                     0000000180015268     LIBCMT:initializers.obj
 0002:00000270       _register_addon_           0000000180015270     main.obj
 0002:00000278       __xc_z                     0000000180015278     LIBCMT:initializers.obj
 0002:00000280       __xi_a                     0000000180015280     LIBCMT:initializers.obj
 0002:00000288       __acrt_stdio_initializer   0000000180015288     libucrt:stdio_initializer.obj
 0002:00000290       __acrt_multibyte_initializer 0000000180015290     libucrt:multibyte_initializer.obj
 0002:00000298       __acrt_tran_fma3_initializer 0000000180015298     libucrt:fma3_initializer.obj
 0002:000002a0       __xi_z                     00000001800152a0     LIBCMT:initializers.obj
 0002:000002a8       __xp_a                     00000001800152a8     LIBCMT:initializers.obj
 0002:000002b0       __acrt_locale_terminator   00000001800152b0     libucrt:locale_initializer.obj
 0002:000002b8       __dcrt_console_output_terminator 00000001800152b8     libucrt:console_output_initializer.obj
 0002:000002c0       __acrt_stdio_terminator    00000001800152c0     libucrt:stdio_initializer.obj
 0002:000002c8       __xp_z                     00000001800152c8     LIBCMT:initializers.obj
 0002:000002d0       __xt_a                     00000001800152d0     LIBCMT:initializers.obj
 0002:000002d8       __xt_z                     00000001800152d8     LIBCMT:initializers.obj
 0002:000002e0       __sz_node_exe              00000001800152e0     node:node.exe
 0002:000002f8       ??_7exception@std@@6B@     00000001800152f8     libcpmt:xthrow.obj
 0002:00000308       ??_C@_0BC@EOODALEL@Unknown?5exception@ 0000000180015308     libcpmt:xthrow.obj
 0002:00000328       ??_7bad_alloc@std@@6B@     0000000180015328     libcpmt:xthrow.obj
 0002:00000338       ??_C@_0P@GHFPNOJB@bad?5allocation@ 0000000180015338     libcpmt:xthrow.obj
 0002:00000348       _pDefaultRawDllMain        0000000180015348     LIBCMT:dll_dllmain.obj
 0002:00000348       _pRawDllMain               0000000180015348     LIBCMT:dll_dllmain.obj
 0002:00000358       ??_7type_info@@6B@         0000000180015358     LIBCMT:std_type_info_static.obj
 0002:00000378       ??_7bad_array_new_length@std@@6B@ 0000000180015378     LIBCMT:throw_bad_alloc.obj
 0002:00000388       ??_C@_0BF@KINCDENJ@bad?5array?5new?5length@ 0000000180015388     LIBCMT:throw_bad_alloc.obj
 0002:000003e0       _pDestructExceptionObject  00000001800153e0     libvcruntime:ehhelpers.obj
 0002:00000728       ??_C@_08EHJDFFNH@__based?$CI@ 0000000180015728     libvcruntime:undname.obj
 0002:00000738       ??_C@_07KOLFKCDI@__cdecl@  0000000180015738     libvcruntime:undname.obj
 0002:00000740       ??_C@_08GHMPAG@__pascal@   0000000180015740     libvcruntime:undname.obj
 0002:00000750       ??_C@_09IFJBGAPI@__stdcall@ 0000000180015750     libvcruntime:undname.obj
 0002:00000760       ??_C@_0L@NPHFGOKO@__thiscall@ 0000000180015760     libvcruntime:undname.obj
 0002:00000770       ??_C@_0L@JMKHOMEK@__fastcall@ 0000000180015770     libvcruntime:undname.obj
 0002:00000780       ??_C@_0N@BCKKPABJ@__vectorcall@ 0000000180015780     libvcruntime:undname.obj
 0002:00000790       ??_C@_09HIJEGCPM@__clrcall@ 0000000180015790     libvcruntime:undname.obj
 0002:0000079c       ??_C@_06GHPCKEAG@__eabi@   000000018001579c     libvcruntime:undname.obj
 0002:000007a8       ??_C@_09IOPIDJLG@__swift_1@ 00000001800157a8     libvcruntime:undname.obj
 0002:000007b8       ??_C@_09KFNFGKHF@__swift_2@ 00000001800157b8     libvcruntime:undname.obj
 0002:000007c8       ??_C@_07JOMMBBKO@__ptr64@  00000001800157c8     libvcruntime:undname.obj
 0002:000007d0       ??_C@_0L@PILCLIHE@__restrict@ 00000001800157d0     libvcruntime:undname.obj
 0002:000007e0       ??_C@_0M@GFIIJFMG@__unaligned@ 00000001800157e0     libvcruntime:undname.obj
 0002:000007f0       ??_C@_09DHDLOLLB@restrict?$CI@ 00000001800157f0     libvcruntime:undname.obj
 0002:000007fa       ??_C@_00CNPNBAHC@@         00000001800157fa     libvcruntime:undname.obj
 0002:000007fc       ??_C@_04NIHEBCM@?5new@     00000001800157fc     libvcruntime:undname.obj
 0002:00000808       ??_C@_07FPCDHGMM@?5delete@ 0000000180015808     libvcruntime:undname.obj
 0002:00000810       ??_C@_01NEMOKFLO@?$DN@     0000000180015810     libvcruntime:undname.obj
 0002:00000814       ??_C@_02GPIOPFAK@?$DO?$DO@ 0000000180015814     libvcruntime:undname.obj
 0002:00000818       ??_C@_02FODMEDOG@?$DM?$DM@ 0000000180015818     libvcruntime:undname.obj
 0002:0000081c       ??_C@_01DCLJPIOD@?$CB@     000000018001581c     libvcruntime:undname.obj
 0002:00000820       ??_C@_02EGOFBIJA@?$DN?$DN@ 0000000180015820     libvcruntime:undname.obj
 0002:00000824       ??_C@_02FDNJECIE@?$CB?$DN@ 0000000180015824     libvcruntime:undname.obj
 0002:00000828       ??_C@_02GPECMEKF@?$FL?$FN@ 0000000180015828     libvcruntime:undname.obj
 0002:00000830       ??_C@_08LHJFAFGD@operator@ 0000000180015830     libvcruntime:undname.obj
 0002:0000083c       ??_C@_02HBOOOICD@?9?$DO@   000000018001583c     libvcruntime:undname.obj
 0002:00000840       ??_C@_01NBENCBCI@?$CK@     0000000180015840     libvcruntime:undname.obj
 0002:00000844       ??_C@_02ECNGHCIF@?$CL?$CL@ 0000000180015844     libvcruntime:undname.obj
 0002:00000848       ??_C@_02BAABKJLB@?9?9@     0000000180015848     libvcruntime:undname.obj
 0002:0000084c       ??_C@_01JOAMLHOP@?9@       000000018001584c     libvcruntime:undname.obj
 0002:00000850       ??_C@_01MIFGBAGJ@?$CL@     0000000180015850     libvcruntime:undname.obj
 0002:00000854       ??_C@_01HNPIGOCE@?$CG@     0000000180015854     libvcruntime:undname.obj
 0002:00000858       ??_C@_03MNHNFDLC@?9?$DO?$CK@ 0000000180015858     libvcruntime:undname.obj
 0002:0000085c       ??_C@_01KMDKNFGN@?1@       000000018001585c     libvcruntime:undname.obj
 0002:00000860       ??_C@_01FGNFDNOH@?$CF@     0000000180015860     libvcruntime:undname.obj
 0002:00000864       ??_C@_01MNNFJEPP@?$DM@     0000000180015864     libvcruntime:undname.obj
 0002:00000868       ??_C@_02EHCHHCKH@?$DM?$DN@ 0000000180015868     libvcruntime:undname.obj
 0002:0000086c       ??_C@_01PPODPGHN@?$DO@     000000018001586c     libvcruntime:undname.obj
 0002:00000870       ??_C@_02EEKDKGMJ@?$DO?$DN@ 0000000180015870     libvcruntime:undname.obj
 0002:00000874       ??_C@_01IHBHIGKO@?0@       0000000180015874     libvcruntime:undname.obj
 0002:00000878       ??_C@_02HCKGKOFO@?$CI?$CJ@ 0000000180015878     libvcruntime:undname.obj
 0002:0000087c       ??_C@_01PJKLJHI@?$HO@      000000018001587c     libvcruntime:undname.obj
 0002:00000880       ??_C@_01JKBOJNNK@?$FO@     0000000180015880     libvcruntime:undname.obj
 0002:00000884       ??_C@_01DNKMNLPK@?$HM@     0000000180015884     libvcruntime:undname.obj
 0002:00000888       ??_C@_02PPKAJPJL@?$CG?$CG@ 0000000180015888     libvcruntime:undname.obj
 0002:0000088c       ??_C@_02NONPIBCD@?$HM?$HM@ 000000018001588c     libvcruntime:undname.obj
 0002:00000890       ??_C@_02FPIMKNGF@?$CK?$DN@ 0000000180015890     libvcruntime:undname.obj
 0002:00000894       ??_C@_02FOEOMHFC@?$CL?$DN@ 0000000180015894     libvcruntime:undname.obj
 0002:00000898       ??_C@_02FKMDLLOA@?9?$DN@   0000000180015898     libvcruntime:undname.obj
 0002:0000089c       ??_C@_02FJEHGPIO@?1?$DN@   000000018001589c     libvcruntime:undname.obj
 0002:000008a0       ??_C@_02FENAOKFI@?$CF?$DN@ 00000001800158a0     libvcruntime:undname.obj
 0002:000008a4       ??_C@_03IKFCCPFF@?$DO?$DO?$DN@ 00000001800158a4     libvcruntime:undname.obj
 0002:000008a8       ??_C@_03CDNPDDLA@?$DM?$DM?$DN@ 00000001800158a8     libvcruntime:undname.obj
 0002:000008ac       ??_C@_02FGJGFEAB@?$CG?$DN@ 00000001800158ac     libvcruntime:undname.obj
 0002:000008b0       ??_C@_02DHLNPPGH@?$HM?$DN@ 00000001800158b0     libvcruntime:undname.obj
 0002:000008b4       ??_C@_02MHEGNOJ@?$FO?$DN@  00000001800158b4     libvcruntime:undname.obj
 0002:000008b8       ??_C@_09IFPLHPGF@?$GAvftable?8@ 00000001800158b8     libvcruntime:undname.obj
 0002:000008c8       ??_C@_09BLBHBJP@?$GAvbtable?8@ 00000001800158c8     libvcruntime:undname.obj
 0002:000008d8       ??_C@_07FEEIOKP@?$GAvcall?8@ 00000001800158d8     libvcruntime:undname.obj
 0002:000008e0       ??_C@_08LLFFHHDJ@?$GAtypeof?8@ 00000001800158e0     libvcruntime:undname.obj
 0002:000008f0       ??_C@_0BF@KDPPACIK@?$GAlocal?5static?5guard?8@ 00000001800158f0     libvcruntime:undname.obj
 0002:00000908       ??_C@_08OBABFOLI@?$GAstring?8@ 0000000180015908     libvcruntime:undname.obj
 0002:00000918       ??_C@_0BD@JDLKDPAB@?$GAvbase?5destructor?8@ 0000000180015918     libvcruntime:undname.obj
 0002:00000930       ??_C@_0BN@DEGPLNFK@?$GAvector?5deleting?5destructor?8@ 0000000180015930     libvcruntime:undname.obj
 0002:00000950       ??_C@_0BO@OBMKPJIG@?$GAdefault?5constructor?5closure?8@ 0000000180015950     libvcruntime:undname.obj
 0002:00000970       ??_C@_0BN@IMDCHIKM@?$GAscalar?5deleting?5destructor?8@ 0000000180015970     libvcruntime:undname.obj
 0002:00000990       ??_C@_0BO@PFGOCPJJ@?$GAvector?5constructor?5iterator?8@ 0000000180015990     libvcruntime:undname.obj
 0002:000009b0       ??_C@_0BN@LFPFMEDL@?$GAvector?5destructor?5iterator?8@ 00000001800159b0     libvcruntime:undname.obj
 0002:000009d0       ??_C@_0CE@IKBNEHA@?$GAvector?5vbase?5constructor?5itera@ 00000001800159d0     libvcruntime:undname.obj
 0002:000009f8       ??_C@_0BL@NILFHHPC@?$GAvirtual?5displacement?5map?8@ 00000001800159f8     libvcruntime:undname.obj
 0002:00000a18       ??_C@_0CB@JONCMFFK@?$GAeh?5vector?5constructor?5iterator@ 0000000180015a18     libvcruntime:undname.obj
 0002:00000a40       ??_C@_0CA@GCEOPDGL@?$GAeh?5vector?5destructor?5iterator?8@ 0000000180015a40     libvcruntime:undname.obj
 0002:00000a60       ??_C@_0CH@OOJPLCPH@?$GAeh?5vector?5vbase?5constructor?5it@ 0000000180015a60     libvcruntime:undname.obj
 0002:00000a88       ??_C@_0BL@LLKPOHJI@?$GAcopy?5constructor?5closure?8@ 0000000180015a88     libvcruntime:undname.obj
 0002:00000aa8       ??_C@_0BA@KBCDOMBN@?$GAudt?5returning?8@ 0000000180015aa8     libvcruntime:undname.obj
 0002:00000ab8       ??_C@_03KLGMFNMG@?$GAEH@   0000000180015ab8     libvcruntime:undname.obj
 0002:00000abc       ??_C@_05KHLCHHI@?$GARTTI@  0000000180015abc     libvcruntime:undname.obj
 0002:00000ac8       ??_C@_0BA@KKLDJDLB@?$GAlocal?5vftable?8@ 0000000180015ac8     libvcruntime:undname.obj
 0002:00000ad8       ??_C@_0CE@IIHCMGGL@?$GAlocal?5vftable?5constructor?5clos@ 0000000180015ad8     libvcruntime:undname.obj
 0002:00000afc       ??_C@_06FHBGPFGH@?5new?$FL?$FN@ 0000000180015afc     libvcruntime:undname.obj
 0002:00000b08       ??_C@_09LBNFPBCA@?5delete?$FL?$FN@ 0000000180015b08     libvcruntime:undname.obj
 0002:00000b18       ??_C@_0P@HJKNJFNN@?$GAomni?5callsig?8@ 0000000180015b18     libvcruntime:undname.obj
 0002:00000b28       ??_C@_0BL@CNOONJFP@?$GAplacement?5delete?5closure?8@ 0000000180015b28     libvcruntime:undname.obj
 0002:00000b48       ??_C@_0BN@CKNJLHMB@?$GAplacement?5delete?$FL?$FN?5closure?8@ 0000000180015b48     libvcruntime:undname.obj
 0002:00000b68       ??_C@_0CG@CFDHKGGD@?$GAmanaged?5vector?5constructor?5ite@ 0000000180015b68     libvcruntime:undname.obj
 0002:00000b90       ??_C@_0CF@IMGKMJNO@?$GAmanaged?5vector?5destructor?5iter@ 0000000180015b90     libvcruntime:undname.obj
 0002:00000bb8       ??_C@_0CG@HLDDJMAG@?$GAeh?5vector?5copy?5constructor?5ite@ 0000000180015bb8     libvcruntime:undname.obj
 0002:00000be0       ??_C@_0CM@FCBBDIGB@?$GAeh?5vector?5vbase?5copy?5construct@ 0000000180015be0     libvcruntime:undname.obj
 0002:00000c10       ??_C@_0BL@CLIPGLGB@?$GAdynamic?5initializer?5for?5?8@ 0000000180015c10     libvcruntime:undname.obj
 0002:00000c30       ??_C@_0CB@PDBIFEP@?$GAdynamic?5atexit?5destructor?5for?5@ 0000000180015c30     libvcruntime:undname.obj
 0002:00000c58       ??_C@_0CD@CGAJBKEJ@?$GAvector?5copy?5constructor?5iterat@ 0000000180015c58     libvcruntime:undname.obj
 0002:00000c80       ??_C@_0CJ@GJELGAMM@?$GAvector?5vbase?5copy?5constructor?5@ 0000000180015c80     libvcruntime:undname.obj
 0002:00000cb0       ??_C@_0CL@FGIJHLCE@?$GAmanaged?5vector?5copy?5constructo@ 0000000180015cb0     libvcruntime:undname.obj
 0002:00000ce0       ??_C@_0BM@PMGGMLDN@?$GAlocal?5static?5thread?5guard?8@ 0000000180015ce0     libvcruntime:undname.obj
 0002:00000d00       ??_C@_0N@BDNMDMOL@operator?5?$CC?$CC?5@ 0000000180015d00     libvcruntime:undname.obj
 0002:00000d10       ??_C@_0BC@GGEBGALA@operator?5co_await@ 0000000180015d10     libvcruntime:undname.obj
 0002:00000d28       ??_C@_0BC@DAFEJGAK@?5Type?5Descriptor?8@ 0000000180015d28     libvcruntime:undname.obj
 0002:00000d40       ??_C@_0BM@LDKODKLH@?5Base?5Class?5Descriptor?5at?5?$CI@ 0000000180015d40     libvcruntime:undname.obj
 0002:00000d60       ??_C@_0BD@LGICGFMM@?5Base?5Class?5Array?8@ 0000000180015d60     libvcruntime:undname.obj
 0002:00000d78       ??_C@_0BN@MECKDCOJ@?5Class?5Hierarchy?5Descriptor?8@ 0000000180015d78     libvcruntime:undname.obj
 0002:00000d98       ??_C@_0BK@CFCOFLF@?5Complete?5Object?5Locator?8@ 0000000180015d98     libvcruntime:undname.obj
 0002:00000dd0       ??_C@_1DM@KHCHBNEB@?$AAa?$AAp?$AAi?$AA?9?$AAm?$AAs?$AA?9?$AAw?$AAi?$AAn?$AA?9?$AAc?$AAo?$AAr?$AAe@ 0000000180015dd0     libvcruntime:winapi_downlevel.obj
 0002:00000e10       ??_C@_1DK@LPPGFMPP@?$AAa?$AAp?$AAi?$AA?9?$AAm?$AAs?$AA?9?$AAw?$AAi?$AAn?$AA?9?$AAc?$AAo?$AAr?$AAe@ 0000000180015e10     libvcruntime:winapi_downlevel.obj
 0002:00000e50       ??_C@_1BC@GDMECMAK@?$AAk?$AAe?$AAr?$AAn?$AAe?$AAl?$AA3?$AA2@ 0000000180015e50     libvcruntime:winapi_downlevel.obj
 0002:00000e68       ??_C@_1BA@PFFKHIOG@?$AAa?$AAp?$AAi?$AA?9?$AAm?$AAs?$AA?9@ 0000000180015e68     libvcruntime:winapi_downlevel.obj
 0002:00000e78       ??_C@_1BA@IAIFMGEF@?$AAe?$AAx?$AAt?$AA?9?$AAm?$AAs?$AA?9@ 0000000180015e78     libvcruntime:winapi_downlevel.obj
 0002:00000e90       ??_C@_08KNHFBNJ@FlsAlloc@  0000000180015e90     libvcruntime:winapi_downlevel.obj
 0002:00000ea8       ??_C@_07PEJMOBNF@FlsFree@  0000000180015ea8     libvcruntime:winapi_downlevel.obj
 0002:00000eb8       ??_C@_0M@GDNOONDI@FlsGetValue@ 0000000180015eb8     libvcruntime:winapi_downlevel.obj
 0002:00000ed0       ??_C@_0M@JCPCPOEF@FlsSetValue@ 0000000180015ed0     libvcruntime:winapi_downlevel.obj
 0002:00000ee8       ??_C@_0BM@HCFOFFN@InitializeCriticalSectionEx@ 0000000180015ee8     libvcruntime:winapi_downlevel.obj
 0002:00000f10       ??_C@_1FE@LHBLIKM@?$AAA?$AAs?$AAs?$AAe?$AAr?$AAt?$AAi?$AAo?$AAn?$AA?5?$AAf?$AAa?$AAi?$AAl?$AAe?$AAd?$AA?3?$AA?5?$AA?$CF?$AAT?$AAs?$AA?0?$AA?5?$AAf?$AAi?$AAl?$AAe?$AA?5?$AA?$CF?$AAT?$AAs?$AA?0@ 0000000180015f10     libucrt:assert.obj
 0002:00000f70       ??_C@_1EK@MBDPDCGA@?$AAM?$AAi?$AAc?$AAr?$AAo?$AAs?$AAo?$AAf?$AAt?$AA?5?$AAV?$AAi?$AAs?$AAu?$AAa?$AAl?$AA?5?$AAC?$AA?$CL?$AA?$CL?$AA?5?$AAR?$AAu?$AAn?$AAt?$AAi?$AAm?$AAe?$AA?5?$AAL?$AAi?$AAb@ 0000000180015f70     libucrt:assert.obj
 0002:00000fc0       ??_C@_1CE@OJBNHDMO@?$AAA?$AAs?$AAs?$AAe?$AAr?$AAt?$AAi?$AAo?$AAn?$AA?5?$AAf?$AAa?$AAi?$AAl?$AAe?$AAd?$AA?$CB?$AA?$AA@ 0000000180015fc0     libucrt:assert.obj
 0002:00000fe8       ??_C@_1BE@PHKBBGE@?$AAP?$AAr?$AAo?$AAg?$AAr?$AAa?$AAm?$AA?3?$AA?5?$AA?$AA@ 0000000180015fe8     libucrt:assert.obj
 0002:00001000       ??_C@_1O@HEMHKNDC@?$AAF?$AAi?$AAl?$AAe?$AA?3?$AA?5?$AA?$AA@ 0000000180016000     libucrt:assert.obj
 0002:00001010       ??_C@_1O@KCAFKHJE@?$AAL?$AAi?$AAn?$AAe?$AA?3?$AA?5?$AA?$AA@ 0000000180016010     libucrt:assert.obj
 0002:00001020       ??_C@_1BK@PEDCIPMA@?$AAE?$AAx?$AAp?$AAr?$AAe?$AAs?$AAs?$AAi?$AAo?$AAn?$AA?3?$AA?5?$AA?$AA@ 0000000180016020     libucrt:assert.obj
 0002:00001040       ??_C@_1OA@EGMLFBHJ@?$AAF?$AAo?$AAr?$AA?5?$AAi?$AAn?$AAf?$AAo?$AAr?$AAm?$AAa?$AAt?$AAi?$AAo?$AAn?$AA?5?$AAo?$AAn?$AA?5?$AAh?$AAo?$AAw?$AA?5?$AAy?$AAo?$AAu?$AAr?$AA?5?$AAp?$AAr?$AAo?$AAg@ 0000000180016040     libucrt:assert.obj
 0002:00001120       ??_C@_1HK@POCJMFGK@?$AA?$CI?$AAP?$AAr?$AAe?$AAs?$AAs?$AA?5?$AAR?$AAe?$AAt?$AAr?$AAy?$AA?5?$AAt?$AAo?$AA?5?$AAd?$AAe?$AAb?$AAu?$AAg?$AA?5?$AAt?$AAh?$AAe?$AA?5?$AAa?$AAp?$AAp?$AAl?$AAi?$AAc@ 0000000180016120     libucrt:assert.obj
 0002:000011a0       ??_C@_17LGKOMLJ@?$AA?4?$AA?4?$AA?4?$AA?$AA@ 00000001800161a0     libucrt:assert.obj
 0002:000011a8       ??_C@_13LBAGMAIH@?$AA?6?$AA?$AA@ 00000001800161a8     libucrt:assert.obj
 0002:000011ac       ??_C@_15IABLJNFO@?$AA?6?$AA?6?$AA?$AA@ 00000001800161ac     libucrt:assert.obj
 0002:000011b8       ??_C@_1CO@EAEJAADC@?$AA?$DM?$AAp?$AAr?$AAo?$AAg?$AAr?$AAa?$AAm?$AA?5?$AAn?$AAa?$AAm?$AAe?$AA?5?$AAu?$AAn?$AAk?$AAn?$AAo?$AAw?$AAn?$AA?$DO?$AA?$AA@ 00000001800161b8     libucrt:assert.obj
 0002:000011f0       __acrt_exception_action_table 00000001800161f0     libucrt:exception_filter.obj
 0002:000012b0       __acrt_signal_action_table_count 00000001800162b0     libucrt:exception_filter.obj
 0002:000012b8       __acrt_signal_action_first_fpe_index 00000001800162b8     libucrt:exception_filter.obj
 0002:000012c0       __acrt_signal_action_fpe_count 00000001800162c0     libucrt:exception_filter.obj
 0002:000012c8       ??_C@_1BI@BGOHAHKC@?$AAm?$AAs?$AAc?$AAo?$AAr?$AAe?$AAe?$AA?4?$AAd?$AAl?$AAl?$AA?$AA@ 00000001800162c8     libucrt:exit.obj
 0002:000012e0       ??_C@_0P@MIGLKIOC@CorExitProcess?$AA@ 00000001800162e0     libucrt:exit.obj
 0002:000013f0       standard_lookup_table      00000001800163f0     libucrt:output.obj
 0002:00001450       ??_C@_1O@CEDCILHN@?$AA?$CI?$AAn?$AAu?$AAl?$AAl?$AA?$CJ?$AA?$AA@ 0000000180016450     libucrt:output.obj
 0002:00001460       ??_C@_06OJHGLDPL@?$CInull?$CJ?$AA@ 0000000180016460     libucrt:output.obj
 0002:000015e0       __lc_time_c                00000001800165e0     libucrt:nlsdata.obj
 0002:000018a0       ??_C@_03KOEHGMDN@Sun?$AA@  00000001800168a0     libucrt:nlsdata.obj
 0002:000018a4       ??_C@_03PDAGKDH@Mon?$AA@   00000001800168a4     libucrt:nlsdata.obj
 0002:000018a8       ??_C@_03NAGEINEP@Tue?$AA@  00000001800168a8     libucrt:nlsdata.obj
 0002:000018ac       ??_C@_03MHOMLAJA@Wed?$AA@  00000001800168ac     libucrt:nlsdata.obj
 0002:000018b0       ??_C@_03IOFIKPDN@Thu?$AA@  00000001800168b0     libucrt:nlsdata.obj
 0002:000018b4       ??_C@_03IDIOELNC@Fri?$AA@  00000001800168b4     libucrt:nlsdata.obj
 0002:000018b8       ??_C@_03FEFJNEK@Sat?$AA@   00000001800168b8     libucrt:nlsdata.obj
 0002:000018bc       ??_C@_06OOPIFAJ@Sunday?$AA@ 00000001800168bc     libucrt:nlsdata.obj
 0002:000018c4       ??_C@_06JLEDEDGH@Monday?$AA@ 00000001800168c4     libucrt:nlsdata.obj
 0002:000018d0       ??_C@_07BAAGCFCM@Tuesday?$AA@ 00000001800168d0     libucrt:nlsdata.obj
 0002:000018d8       ??_C@_09DLIGFAKA@Wednesday?$AA@ 00000001800168d8     libucrt:nlsdata.obj
 0002:000018e8       ??_C@_08HACCIKIA@Thursday?$AA@ 00000001800168e8     libucrt:nlsdata.obj
 0002:000018f4       ??_C@_06JECMNKMI@Friday?$AA@ 00000001800168f4     libucrt:nlsdata.obj
 0002:00001900       ??_C@_08INBOOONO@Saturday?$AA@ 0000000180016900     libucrt:nlsdata.obj
 0002:0000190c       ??_C@_03JIHJHPIE@Jan?$AA@  000000018001690c     libucrt:nlsdata.obj
 0002:00001910       ??_C@_03HJBDCHOM@Feb?$AA@  0000000180016910     libucrt:nlsdata.obj
 0002:00001914       ??_C@_03ODNJBKGA@Mar?$AA@  0000000180016914     libucrt:nlsdata.obj
 0002:00001918       ??_C@_03LEOLGMJP@Apr?$AA@  0000000180016918     libucrt:nlsdata.obj
 0002:0000191c       ??_C@_03CNMDKL@May?$AA@    000000018001691c     libucrt:nlsdata.obj
 0002:00001920       ??_C@_03IDFGHECI@Jun?$AA@  0000000180016920     libucrt:nlsdata.obj
 0002:00001924       ??_C@_03LBGABGKK@Jul?$AA@  0000000180016924     libucrt:nlsdata.obj
 0002:00001928       ??_C@_03IFJFEIGA@Aug?$AA@  0000000180016928     libucrt:nlsdata.obj
 0002:0000192c       ??_C@_03GGCAPAJC@Sep?$AA@  000000018001692c     libucrt:nlsdata.obj
 0002:00001930       ??_C@_03BMAOKBAD@Oct?$AA@  0000000180016930     libucrt:nlsdata.obj
 0002:00001934       ??_C@_03JPJOFNIA@Nov?$AA@  0000000180016934     libucrt:nlsdata.obj
 0002:00001938       ??_C@_03MKABNOCG@Dec?$AA@  0000000180016938     libucrt:nlsdata.obj
 0002:00001940       ??_C@_07CGJPFGJA@January?$AA@ 0000000180016940     libucrt:nlsdata.obj
 0002:00001948       ??_C@_08GNJGEPFN@February?$AA@ 0000000180016948     libucrt:nlsdata.obj
 0002:00001954       ??_C@_05HPCKOFNC@March?$AA@ 0000000180016954     libucrt:nlsdata.obj
 0002:0000195c       ??_C@_05DMJDNLEJ@April?$AA@ 000000018001695c     libucrt:nlsdata.obj
 0002:00001964       ??_C@_04CNLMGBGM@June?$AA@ 0000000180016964     libucrt:nlsdata.obj
 0002:0000196c       ??_C@_04MIEPOIFP@July?$AA@ 000000018001696c     libucrt:nlsdata.obj
 0002:00001974       ??_C@_06LBBHFDDG@August?$AA@ 0000000180016974     libucrt:nlsdata.obj
 0002:00001980       ??_C@_09BHHEALKD@September?$AA@ 0000000180016980     libucrt:nlsdata.obj
 0002:00001990       ??_C@_07JJNFCEND@October?$AA@ 0000000180016990     libucrt:nlsdata.obj
 0002:00001998       ??_C@_08HCHEGEOA@November?$AA@ 0000000180016998     libucrt:nlsdata.obj
 0002:000019a8       ??_C@_08EDHMEBNP@December?$AA@ 00000001800169a8     libucrt:nlsdata.obj
 0002:000019b4       ??_C@_02DEDBPAFC@AM?$AA@   00000001800169b4     libucrt:nlsdata.obj
 0002:000019b8       ??_C@_02CJNFDJBF@PM?$AA@   00000001800169b8     libucrt:nlsdata.obj
 0002:000019c0       ??_C@_08BPBNCDIB@MM?1dd?1yy?$AA@ 00000001800169c0     libucrt:nlsdata.obj
 0002:000019d0       ??_C@_0BE@CKGJFCPC@dddd?0?5MMMM?5dd?0?5yyyy?$AA@ 00000001800169d0     libucrt:nlsdata.obj
 0002:000019e8       ??_C@_08JCCMCCIL@HH?3mm?3ss?$AA@ 00000001800169e8     libucrt:nlsdata.obj
 0002:000019f8       ??_C@_17MBGCMIPB@?$AAS?$AAu?$AAn?$AA?$AA@ 00000001800169f8     libucrt:nlsdata.obj
 0002:00001a00       ??_C@_17KBOMKBF@?$AAM?$AAo?$AAn?$AA?$AA@ 0000000180016a00     libucrt:nlsdata.obj
 0002:00001a08       ??_C@_17BMKGEGOJ@?$AAT?$AAu?$AAe?$AA?$AA@ 0000000180016a08     libucrt:nlsdata.obj
 0002:00001a10       ??_C@_17CJEDCEPE@?$AAW?$AAe?$AAd?$AA?$AA@ 0000000180016a10     libucrt:nlsdata.obj
 0002:00001a18       ??_C@_17PDPHAADD@?$AAT?$AAh?$AAu?$AA?$AA@ 0000000180016a18     libucrt:nlsdata.obj
 0002:00001a20       ??_C@_17HFOLPPLP@?$AAF?$AAr?$AAi?$AA?$AA@ 0000000180016a20     libucrt:nlsdata.obj
 0002:00001a28       ??_C@_17GGIBDPIH@?$AAS?$AAa?$AAt?$AA?$AA@ 0000000180016a28     libucrt:nlsdata.obj
 0002:00001a30       ??_C@_1O@IHNHDHPB@?$AAS?$AAu?$AAn?$AAd?$AAa?$AAy?$AA?$AA@ 0000000180016a30     libucrt:nlsdata.obj
 0002:00001a40       ??_C@_1O@MMNBFLIA@?$AAM?$AAo?$AAn?$AAd?$AAa?$AAy?$AA?$AA@ 0000000180016a40     libucrt:nlsdata.obj
 0002:00001a50       ??_C@_1BA@ENFBFFEK@?$AAT?$AAu?$AAe?$AAs?$AAd?$AAa?$AAy?$AA?$AA@ 0000000180016a50     libucrt:nlsdata.obj
 0002:00001a60       ??_C@_1BE@EBOGMDOH@?$AAW?$AAe?$AAd?$AAn?$AAe?$AAs?$AAd?$AAa?$AAy?$AA?$AA@ 0000000180016a60     libucrt:nlsdata.obj
 0002:00001a78       ??_C@_1BC@HHMNLIHE@?$AAT?$AAh?$AAu?$AAr?$AAs?$AAd?$AAa?$AAy?$AA?$AA@ 0000000180016a78     libucrt:nlsdata.obj
 0002:00001a90       ??_C@_1O@PDICJHAG@?$AAF?$AAr?$AAi?$AAd?$AAa?$AAy?$AA?$AA@ 0000000180016a90     libucrt:nlsdata.obj
 0002:00001aa0       ??_C@_1BC@ENMNNPAJ@?$AAS?$AAa?$AAt?$AAu?$AAr?$AAd?$AAa?$AAy?$AA?$AA@ 0000000180016aa0     libucrt:nlsdata.obj
 0002:00001ab8       ??_C@_17DKNBKCHM@?$AAJ?$AAa?$AAn?$AA?$AA@ 0000000180016ab8     libucrt:nlsdata.obj
 0002:00001ac0       ??_C@_17LMDJEKJN@?$AAF?$AAe?$AAb?$AA?$AA@ 0000000180016ac0     libucrt:nlsdata.obj
 0002:00001ac8       ??_C@_17CKNLEDEC@?$AAM?$AAa?$AAr?$AA?$AA@ 0000000180016ac8     libucrt:nlsdata.obj
 0002:00001ad0       ??_C@_17LFPOIHDD@?$AAA?$AAp?$AAr?$AA?$AA@ 0000000180016ad0     libucrt:nlsdata.obj
 0002:00001ad8       ??_C@_17PNNKMEED@?$AAM?$AAa?$AAy?$AA?$AA@ 0000000180016ad8     libucrt:nlsdata.obj
 0002:00001ae0       ??_C@_17KCJGOCPB@?$AAJ?$AAu?$AAn?$AA?$AA@ 0000000180016ae0     libucrt:nlsdata.obj
 0002:00001ae8       ??_C@_17IJPCKHK@?$AAJ?$AAu?$AAl?$AA?$AA@ 0000000180016ae8     libucrt:nlsdata.obj
[...]
 0004:00000cc0       $pdata$?fp_format_g@@YAHQEBNQEAD_K12H_NIQEAU__crt_locale_pointers@@@Z 0000000180022cc0     libucrt:cvt.obj
 0004:00000ccc       $pdata$?fp_format_nan_or_infinity@@YAHW4__acrt_fp_class@@_NPEAD_K1@Z 0000000180022ccc     libucrt:cvt.obj
 0004:00000cd8       $pdata$__acrt_fp_format    0000000180022cd8     libucrt:cvt.obj
 0004:00000ce4       $pdata$_fputwc_nolock      0000000180022ce4     libucrt:fputwc.obj
 0004:00000cf0       $pdata$_fileno             0000000180022cf0     libucrt:fileno.obj
 0004:00000cfc       $pdata$__pctype_func       0000000180022cfc     libucrt:ctype.obj
 0004:00000d08       $pdata$iswctype            0000000180022d08     libucrt:iswctype.obj
 0004:00000d14       $pdata$_isctype_l          0000000180022d14     libucrt:isctype.obj
 0004:00000d20       $pdata$_fcloseall          0000000180022d20     libucrt:closeall.obj
 0004:00000d2c       $pdata$__acrt_stdio_free_buffer_nolock 0000000180022d2c     libucrt:_freebuf.obj
 0004:00000d38       $pdata$??$?RV<lambda_a37b2b86f63e897a80ea819b0eb08c01>@@AEAV<lambda_38ce7e780aa69e748d6df282ebc68efe>@@V<lambda_99fb1378e971ab6e7edea83e3a7a83a2>@@@?$__crt_seh_guarded_call@H@@QEAAH$$QEAV<lambda_a37b2b86f63e897a80ea819b0eb08c01>@@AEAV<lambda_38ce7e780aa69e748d6df282ebc68efe>@@$$QEAV<lambda_99fb1378e971ab6e7edea83e3a7a83a2>@@@Z 0000000180022d38     libucrt:commit.obj
 0004:00000d44       $pdata$_commit             0000000180022d44     libucrt:commit.obj
 0004:00000d50       $pdata$?write_double_translated_ansi_nolock@@YA?AUwrite_result@?A0x17268360@@HQEBDI@Z 0000000180022d50     libucrt:write.obj
 0004:00000d5c       $pdata$?write_text_ansi_nolock@@YA?AUwrite_result@?A0x17268360@@HQEBDI@Z 0000000180022d5c     libucrt:write.obj
 0004:00000d68       $pdata$?write_text_utf16le_nolock@@YA?AUwrite_result@?A0x17268360@@HQEBDI@Z 0000000180022d68     libucrt:write.obj
 0004:00000d74       $pdata$?write_text_utf8_nolock@@YA?AUwrite_result@?A0x17268360@@HQEBDI@Z 0000000180022d74     libucrt:write.obj
 0004:00000d80       $pdata$_write              0000000180022d80     libucrt:write.obj
 0004:00000d8c       $pdata$_write_nolock       0000000180022d8c     libucrt:write.obj
 0004:00000d98       $pdata$__acrt_free_locale  0000000180022d98     libucrt:locale_refcounting.obj
 0004:00000da4       $pdata$__acrt_locale_free_lc_time_if_unreferenced 0000000180022da4     libucrt:locale_refcounting.obj
 0004:00000db0       $pdata$__acrt_release_locale_ref 0000000180022db0     libucrt:locale_refcounting.obj
 0004:00000dbc       $pdata$__acrt_update_thread_locale_data 0000000180022dbc     libucrt:locale_refcounting.obj
 0004:00000dc8       $pdata$_updatetlocinfoEx_nolock 0000000180022dc8     libucrt:locale_refcounting.obj
 0004:00000dd4       $pdata$_isleadbyte_l       0000000180022dd4     libucrt:_wctype.obj
 0004:00000de0       $pdata$?__acrt_LCMapStringA_stat@@YAHPEAU__crt_locale_pointers@@PEB_WKPEBDHPEADHHH@Z 0000000180022de0     libucrt:lcmapstringa.obj
 0004:00000dec       $pdata$__acrt_LCMapStringA 0000000180022dec     libucrt:lcmapstringa.obj
 0004:00000df8       $pdata$__acrt_locale_free_monetary 0000000180022df8     libucrt:initmon.obj
 0004:00000e04       $pdata$__acrt_locale_free_numeric 0000000180022e04     libucrt:initnum.obj
 0004:00000e10       $pdata$?free_crt_array_internal@@YAXQEAPEBX_K@Z 0000000180022e10     libucrt:inittime.obj
 0004:00000e1c       $pdata$__acrt_locale_free_time 0000000180022e1c     libucrt:inittime.obj
 0004:00000e28       $pdata$__acrt_GetStringTypeA 0000000180022e28     libucrt:getstringtypea.obj
 0004:00000e34       $pdata$qsort               0000000180022e34     libucrt:qsort.obj
 0004:00000e40       $pdata$4$qsort             0000000180022e40     libucrt:qsort.obj
 0004:00000e4c       $pdata$5$qsort             0000000180022e4c     libucrt:qsort.obj
 0004:00000e58       $pdata$strncpy_s           0000000180022e58     libucrt:strncpy_s.obj
 0004:00000e64       $pdata$fallbackMethod      0000000180022e64     libucrt:strpbrk.obj
 0004:00000e70       $pdata$strpbrk             0000000180022e70     libucrt:strpbrk.obj
 0004:00000e7c       $pdata$_mbsdec_l           0000000180022e7c     libucrt:mbsdec.obj
 0004:00000e88       $pdata$?initialize_multibyte@@YAHXZ 0000000180022e88     libucrt:multibyte_initializer.obj
 0004:00000e94       $pdata$_msize_base         0000000180022e94     libucrt:msize.obj
 0004:00000ea0       $pdata$_realloc_base       0000000180022ea0     libucrt:realloc_base.obj
 0004:00000eac       $pdata$?GetTableIndexFromLocaleName@@YAHPEB_W@Z 0000000180022eac     libucrt:lcidtoname_downlevel.obj
 0004:00000eb8       $pdata$__acrt_DownlevelLocaleNameToLCID 0000000180022eb8     libucrt:lcidtoname_downlevel.obj
 0004:00000ec4       $pdata$__acrt_lowio_create_handle_array 0000000180022ec4     libucrt:osfinfo.obj
 0004:00000ed0       $pdata$__acrt_lowio_destroy_handle_array 0000000180022ed0     libucrt:osfinfo.obj
 0004:00000edc       $pdata$__acrt_lowio_ensure_fh_exists 0000000180022edc     libucrt:osfinfo.obj
 0004:00000ee8       $pdata$_free_osfhnd        0000000180022ee8     libucrt:osfinfo.obj
 0004:00000ef4       $pdata$_get_osfhandle      0000000180022ef4     libucrt:osfinfo.obj
 0004:00000f00       $pdata$_isatty             0000000180022f00     libucrt:isatty.obj
 0004:00000f0c       $pdata$?__mbrtowc_utf8@__crt_mbstring@@YA_KPEA_WPEBD_KPEAU_Mbstatet@@@Z 0000000180022f0c     libucrt:mbrtowc.obj
 0004:00000f18       $pdata$?__mbsrtowcs_utf8@__crt_mbstring@@YA_KPEA_WPEAPEBD_KPEAU_Mbstatet@@@Z 0000000180022f18     libucrt:mbrtowc.obj
 0004:00000f24       $pdata$?__c32rtomb_utf8@__crt_mbstring@@YA_KPEAD_UPEAU_Mbstatet@@@Z 0000000180022f24     libucrt:c32rtomb.obj
 0004:00000f30       $pdata$__acrt_fp_strflt_to_string 0000000180022f30     libucrt:_fptostr.obj
 0004:00000f3c       $pdata$?divide@__crt_strtox@@YA_KAEAUbig_integer@1@AEBU21@@Z 0000000180022f3c     libucrt:cfout.obj
 0004:00000f48       $pdata$0$?divide@__crt_strtox@@YA_KAEAUbig_integer@1@AEBU21@@Z 0000000180022f48     libucrt:cfout.obj
 0004:00000f54       $pdata$1$?divide@__crt_strtox@@YA_KAEAUbig_integer@1@AEBU21@@Z 0000000180022f54     libucrt:cfout.obj
 0004:00000f60       $pdata$__acrt_fltout       0000000180022f60     libucrt:cfout.obj
 0004:00000f6c       $pdata$memcpy_s            0000000180022f6c     libucrt:cfout.obj
 0004:00000f78       $pdata$??$write_buffer_nolock@D@@YA_NDV__crt_stdio_stream@@@Z 0000000180022f78     libucrt:_flsbuf.obj
 0004:00000f84       $pdata$??$write_buffer_nolock@_W@@YA_N_WV__crt_stdio_stream@@@Z 0000000180022f84     libucrt:_flsbuf.obj
 0004:00000f90       $pdata$?stream_is_at_end_of_file_nolock@@YA_NV__crt_stdio_stream@@@Z 0000000180022f90     libucrt:_flsbuf.obj
 0004:00000f9c       $pdata$__acrt_stdio_flush_and_write_narrow_nolock 0000000180022f9c     libucrt:_flsbuf.obj
 0004:00000fa8       $pdata$__acrt_stdio_flush_and_write_wide_nolock 0000000180022fa8     libucrt:_flsbuf.obj
 0004:00000fb4       $pdata$_fclose_nolock      0000000180022fb4     libucrt:fclose.obj
 0004:00000fc0       $pdata$fclose              0000000180022fc0     libucrt:fclose.obj
 0004:00000fcc       $pdata$??$common_lseek@_J@@YA_JH_JH@Z 0000000180022fcc     libucrt:lseek.obj
 0004:00000fd8       $pdata$??$common_lseek_nolock@_J@@YA_JH_JH@Z 0000000180022fd8     libucrt:lseek.obj
 0004:00000fe4       $pdata$_putwch_nolock      0000000180022fe4     libucrt:putwch.obj
 0004:00000ff0       $pdata$?__mbrtoc32_utf8@__crt_mbstring@@YA_KPEA_UPEBD_KPEAU_Mbstatet@@@Z 0000000180022ff0     libucrt:mbrtoc32.obj
 0004:00000ffc       $pdata$fegetenv            0000000180022ffc     libucrt:fegetenv.obj
 0004:00001008       $pdata$fesetenv            0000000180023008     libucrt:fesetenv.obj
 0004:00001014       $pdata$feholdexcept        0000000180023014     libucrt:feholdexcept.obj
 0004:0000102c       $pdata$__acrt_stdio_allocate_buffer_nolock 000000018002302c     libucrt:_getbuf.obj
 0004:00001038       $pdata$??$?RV<lambda_751a882b2c74d4b022dec766aa51a29a>@@AEAV<lambda_628dfdc04ba53c8bfc02c9951375f3f5>@@V<lambda_f6c7be5f7998530c34de24c7437d6b54>@@@?$__crt_seh_guarded_call@H@@QEAAH$$QEAV<lambda_751a882b2c74d4b022dec766aa51a29a>@@AEAV<lambda_628dfdc04ba53c8bfc02c9951375f3f5>@@$$QEAV<lambda_f6c7be5f7998530c34de24c7437d6b54>@@@Z 0000000180023038     libucrt:close.obj
 0004:00001044       $pdata$_close              0000000180023044     libucrt:close.obj
 0004:00001050       $pdata$_close_nolock       0000000180023050     libucrt:close.obj
 0004:0000105c       $pdata$__dcrt_lowio_ensure_console_output_initialized 000000018002305c     libucrt:initcon.obj
 0004:00001068       $pdata$__dcrt_terminate_console_output 0000000180023068     libucrt:initcon.obj
 0004:00001074       $pdata$__dcrt_write_console 0000000180023074     libucrt:initcon.obj
 0004:00001080       $pdata$__acrt_fenv_set_control 0000000180023080     libucrt:_fenvutils.obj
 0004:0000108c       $pdata$_clearfp            000000018002308c     libucrt:ieee.obj
 0004:00001098       $pdata$_call_matherr       0000000180023098     libucrt:libm_error.obj
 0004:000010a4       $pdata$_exception_enabled  00000001800230a4     libucrt:libm_error.obj
 0004:000010b0       $pdata$_handle_error       00000001800230b0     libucrt:libm_error.obj
 0004:000010bc       $pdata$__acrt_initialize_fma3 00000001800230bc     libucrt:fma3_available.obj
 0004:000010c8       $pdata$_log10_special      00000001800230c8     libucrt:log_special.obj
 0004:000010d4       $pdata$_log_special_common 00000001800230d4     libucrt:log_special.obj
 0004:000010ec       $pdata$_raise_exc          00000001800230ec     libucrt:fpexcept.obj
 0004:000010f8       $pdata$_raise_exc_ex       00000001800230f8     libucrt:fpexcept.obj
 0004:00001104       $pdata$_set_errno_from_matherr 0000000180023104     libucrt:fpexcept.obj
 0004:00001110       $pdata$_clrfp              0000000180023110     libucrt:fpctrl.obj
 0004:0000111c       $pdata$_ctrlfp             000000018002311c     libucrt:fpctrl.obj
 0004:00001128       $pdata$_set_statfp         0000000180023128     libucrt:fpctrl.obj
 0004:00001134       $pdata$_statfp             0000000180023134     libucrt:fpctrl.obj
 0004:00001140       $pdata$?DloadAcquireSectionWriteAccess@@YAXXZ 0000000180023140     DelayImp:delayhlp.obj
 0004:0000114c       $pdata$?DloadGetSRWLockFunctionPointers@@YAEXZ 000000018002314c     DelayImp:delayhlp.obj
 0004:00001158       $pdata$?DloadMakePermanentImageCommit@@YAXPEAX_K@Z 0000000180023158     DelayImp:delayhlp.obj
 0004:00001164       $pdata$?DloadObtainSection@@YAPEAXPEAK0@Z 0000000180023164     DelayImp:delayhlp.obj
 0004:00001170       $pdata$?DloadProtectSection@@YAXKPEAK@Z 0000000180023170     DelayImp:delayhlp.obj
 0004:0000117c       $pdata$?DloadReleaseSectionWriteAccess@@YAXXZ 000000018002317c     DelayImp:delayhlp.obj
 0004:00001188       $pdata$__delayLoadHelper2  0000000180023188     DelayImp:delayhlp.obj
 0004:00001194       $pdata$_IsNonwritableInCurrentImage 0000000180023194     LIBCMT:pesect.obj
 0004:000011a0       $pdata$__GSHandlerCheck    00000001800231a0     LIBCMT:gshandler.obj
 0004:000011ac       $pdata$__GSHandlerCheckCommon 00000001800231ac     LIBCMT:gshandler.obj
 0004:000011d0       $pdata$strrchr             00000001800231d0     libvcruntime:strrchr.obj
 0004:000011e8       $pdata$?fin$0@?0??dllmain_crt_process_attach@@YAHQEAUHINSTANCE__@@QEAX@Z@4HA 00000001800231e8     LIBCMT:dll_dllmain.obj
 0004:000011f4       $pdata$?fin$0@?0??dllmain_crt_process_detach@@YAH_N@Z@4HA 00000001800231f4     LIBCMT:dll_dllmain.obj
 0004:00001200       $pdata$?filt$0@?0??dllmain_dispatch@@YAHQEAUHINSTANCE__@@KQEAX@Z@4HA 0000000180023200     LIBCMT:dll_dllmain.obj
 0004:0000120c       $pdata$__scrt_is_nonwritable_in_current_image$filt$0 000000018002320c     LIBCMT:utility.obj
 0004:00001218       $pdata$__DestructExceptionObject$filt$0 0000000180023218     libvcruntime:ehhelpers.obj
 0004:00001224       $pdata$_query_new_handler$fin$0 0000000180023224     libucrt:new_handler.obj
 0004:00001230       $pdata$?fin$0@?0???$?RV<lambda_aa87e3671a710a21b5dc78c0bdf72e11>@@AEAV<lambda_92619d2358a28f41a33ba319515a20b9>@@V<lambda_6992ecaafeb10aed2b74cb1fae11a551>@@@?$__crt_seh_guarded_call@X@@QEAAX$$QEAV<lambda_aa87e3671a710a21b5dc78c0bdf72e11>@@AEAV<lambda_92619d2358a28f41a33ba319515a20b9>@@$$QEAV<lambda_6992ecaafeb10aed2b74cb1fae11a551>@@@Z@4HA 0000000180023230     libucrt:per_thread_data.obj
 0004:00001230       $pdata$?fin$0@?0???$?RV<lambda_0ae27a3a962d80f24befdcbee591983d>@@AEAV<lambda_8d0ee55de4b1038c4002e0adecdf1839>@@V<lambda_dc504788e8f1664fe9b84e20bfb512f2>@@@?$__crt_seh_guarded_call@X@@QEAAX$$QEAV<lambda_0ae27a3a962d80f24befdcbee591983d>@@AEAV<lambda_8d0ee55de4b1038c4002e0adecdf1839>@@$$QEAV<lambda_dc504788e8f1664fe9b84e20bfb512f2>@@@Z@4HA 0000000180023230     libucrt:per_thread_data.obj
 0004:00001230       $pdata$?fin$0@?0???$?RV<lambda_2d41944a1d46af3157314b8a01080d33>@@AEAV<lambda_8f455de75cd7d7f24b4096f044d8b9e6>@@V<lambda_aa500f224e6afead328df44964fe2772>@@@?$__crt_seh_guarded_call@X@@QEAAX$$QEAV<lambda_2d41944a1d46af3157314b8a01080d33>@@AEAV<lambda_8f455de75cd7d7f24b4096f044d8b9e6>@@$$QEAV<lambda_aa500f224e6afead328df44964fe2772>@@@Z@4HA 0000000180023230     libucrt:per_thread_data.obj
 0004:00001230       $pdata$?fin$0@?0???$?RV<lambda_450d765d439847d4c735a33c368b5fc0>@@AEAV<lambda_44731a7d0e6d81c3e6aa82d741081786>@@V<lambda_601a2a7da3b7a96e9554ac7215c4b07c>@@@?$__crt_seh_guarded_call@P6AXH@Z@@QEAAP6AXH@Z$$QEAV<lambda_450d765d439847d4c735a33c368b5fc0>@@AEAV<lambda_44731a7d0e6d81c3e6aa82d741081786>@@$$QEAV<lambda_601a2a7da3b7a96e9554ac7215c4b07c>@@@Z@4HA 0000000180023230     libucrt:signal.obj
 0004:00001230       $pdata$?fin$0@?0???$?RV<lambda_d80eeec6fff315bfe5c115232f3240e3>@@AEAV<lambda_6e4b09c48022b2350581041d5f6b0c4c>@@V<lambda_2358e3775559c9db80273638284d5e45>@@@?$__crt_seh_guarded_call@X@@QEAAX$$QEAV<lambda_d80eeec6fff315bfe5c115232f3240e3>@@AEAV<lambda_6e4b09c48022b2350581041d5f6b0c4c>@@$$QEAV<lambda_2358e3775559c9db80273638284d5e45>@@@Z@4HA 0000000180023230     libucrt:exit.obj
 0004:00001230       $pdata$?fin$0@?0???$?RV<lambda_7777bce6b2f8c936911f934f8298dc43>@@AEAV<lambda_f03950bc5685219e0bcd2087efbe011e>@@V<lambda_3883c3dff614d5e0c5f61bb1ac94921c>@@@?$__crt_seh_guarded_call@H@@QEAAH$$QEAV<lambda_7777bce6b2f8c936911f934f8298dc43>@@AEAV<lambda_f03950bc5685219e0bcd2087efbe011e>@@$$QEAV<lambda_3883c3dff614d5e0c5f61bb1ac94921c>@@@Z@4HA 0000000180023230     libucrt:onexit.obj
 0004:00001230       $pdata$?fin$0@?0???$?RV<lambda_f2e299630e499de9f9a165e60fcd3db5>@@AEAV<lambda_2ae9d31cdba2644fcbeaf08da7c24588>@@V<lambda_40d01ff24d0e7b3814fdbdcee8eab3c7>@@@?$__crt_seh_guarded_call@X@@QEAAX$$QEAV<lambda_f2e299630e499de9f9a165e60fcd3db5>@@AEAV<lambda_2ae9d31cdba2644fcbeaf08da7c24588>@@$$QEAV<lambda_40d01ff24d0e7b3814fdbdcee8eab3c7>@@@Z@4HA 0000000180023230     libucrt:per_thread_data.obj
 0004:00001230       $pdata$?fin$0@?0???$?RV<lambda_efdfa57d1f175319df784efa44bb7b81>@@AEAV<lambda_5f0a4c1567f8adc6734073e5d1e1b35c>@@V<lambda_2e8a7d3640ea6ccb4c2413664c2db6fd>@@@?$__crt_seh_guarded_call@X@@QEAAX$$QEAV<lambda_efdfa57d1f175319df784efa44bb7b81>@@AEAV<lambda_5f0a4c1567f8adc6734073e5d1e1b35c>@@$$QEAV<lambda_2e8a7d3640ea6ccb4c2413664c2db6fd>@@@Z@4HA 0000000180023230     libucrt:mbctype.obj
 0004:0000123c       $pdata$?filt$0@?0???R<lambda_6e4b09c48022b2350581041d5f6b0c4c>@@QEBA@XZ@4HA 000000018002323c     libucrt:exit.obj
 0004:00001248       $pdata$?fin$0@?0???$?RV<lambda_0d412022a4b28cc8a401ea49574e8ae6>@@AEAV<lambda_a775ed57af18ba8e4d5dc780aa9068fe>@@V<lambda_975a71a6baa488a08f4e15f6b0339b9e>@@@?$__crt_seh_guarded_call@H@@QEAAH$$QEAV<lambda_0d412022a4b28cc8a401ea49574e8ae6>@@AEAV<lambda_a775ed57af18ba8e4d5dc780aa9068fe>@@$$QEAV<lambda_975a71a6baa488a08f4e15f6b0339b9e>@@@Z@4HA 0000000180023248     libucrt:output.obj
 0004:00001248       $pdata$?fin$0@?0???$?RV<lambda_c376a267cfb53b6959b3b692ec76b120>@@AEAV<lambda_9a32fed5bf61b6b509b2d3f6003082a1>@@V<lambda_572fbb9fa0ab338edf41edfd4b5fcc8d>@@@?$__crt_seh_guarded_call@H@@QEAAH$$QEAV<lambda_c376a267cfb53b6959b3b692ec76b120>@@AEAV<lambda_9a32fed5bf61b6b509b2d3f6003082a1>@@$$QEAV<lambda_572fbb9fa0ab338edf41edfd4b5fcc8d>@@@Z@4HA 0000000180023248     libucrt:fflush.obj
 0004:00001248       $pdata$?fin$0@?0???$?RV<lambda_842d9ff0dc9ef11c61343bbaebe7f885>@@AEAV<lambda_c5860995281e5c4ce005b3de8f5874ee>@@V<lambda_d90129c13df834fdcbf8d2b88dafcf2d>@@@?$__crt_seh_guarded_call@X@@QEAAX$$QEAV<lambda_842d9ff0dc9ef11c61343bbaebe7f885>@@AEAV<lambda_c5860995281e5c4ce005b3de8f5874ee>@@$$QEAV<lambda_d90129c13df834fdcbf8d2b88dafcf2d>@@@Z@4HA 0000000180023248     libucrt:fflush.obj
 0004:00001248       $pdata$?fin$0@?0???$?RV<lambda_84ec643ea9557e2f7dc01bb0e9624395>@@AEAV<lambda_ca71763b3c0644891230e4f79ea54fa6>@@V<lambda_439a761618c59b0600e24586724d733b>@@@?$__crt_seh_guarded_call@H@@QEAAH$$QEAV<lambda_84ec643ea9557e2f7dc01bb0e9624395>@@AEAV<lambda_ca71763b3c0644891230e4f79ea54fa6>@@$$QEAV<lambda_439a761618c59b0600e24586724d733b>@@@Z@4HA 0000000180023248     libucrt:setvbuf.obj
 0004:00001254       $pdata$?fin$0@?0???$?RV<lambda_886d6c58226a84441f68b9f2b8217b83>@@AEAV<lambda_ab61a845afdef5b7c387490eaf3616ee>@@V<lambda_f7f22ab5edc0698d5f6905b0d3f44752>@@@?$__crt_seh_guarded_call@X@@QEAAX$$QEAV<lambda_886d6c58226a84441f68b9f2b8217b83>@@AEAV<lambda_ab61a845afdef5b7c387490eaf3616ee>@@$$QEAV<lambda_f7f22ab5edc0698d5f6905b0d3f44752>@@@Z@4HA 0000000180023254     libucrt:fflush.obj
 0004:00001260       $pdata$raise$fin$0         0000000180023260     libucrt:signal.obj
 0004:0000126c       $pdata$?fin$0@?0???$?RV<lambda_410d79af7f07d98d83a3f525b3859a53>@@AEAV<lambda_3e16ef9562a7dcce91392c22ab16ea36>@@V<lambda_38119f0e861e05405d8a144b9b982f0a>@@@?$__crt_seh_guarded_call@X@@QEAAX$$QEAV<lambda_410d79af7f07d98d83a3f525b3859a53>@@AEAV<lambda_3e16ef9562a7dcce91392c22ab16ea36>@@$$QEAV<lambda_38119f0e861e05405d8a144b9b982f0a>@@@Z@4HA 000000018002326c     libucrt:wsetlocale.obj
 0004:00001278       $pdata$?fin$0@?0??update_thread_multibyte_data_internal@@YAPEAU__crt_multibyte_data@@QEAU__acrt_ptd@@QEAPEAU1@@Z@4HA 0000000180023278     libucrt:mbctype.obj
 0004:00001284       $pdata$__acrt_lowio_ensure_fh_exists$fin$0 0000000180023284     libucrt:osfinfo.obj
 0004:00001284       $pdata$__acrt_initialize_lowio$fin$0 0000000180023284     libucrt:ioinit.obj
 0004:00001290       $pdata$_fcloseall$fin$0    0000000180023290     libucrt:closeall.obj
 0004:0000129c       $pdata$?fin$0@?0???$?RV<lambda_751a882b2c74d4b022dec766aa51a29a>@@AEAV<lambda_628dfdc04ba53c8bfc02c9951375f3f5>@@V<lambda_f6c7be5f7998530c34de24c7437d6b54>@@@?$__crt_seh_guarded_call@H@@QEAAH$$QEAV<lambda_751a882b2c74d4b022dec766aa51a29a>@@AEAV<lambda_628dfdc04ba53c8bfc02c9951375f3f5>@@$$QEAV<lambda_f6c7be5f7998530c34de24c7437d6b54>@@@Z@4HA 000000018002329c     libucrt:close.obj
 0004:0000129c       $pdata$?fin$0@?0???$?RV<lambda_a37b2b86f63e897a80ea819b0eb08c01>@@AEAV<lambda_38ce7e780aa69e748d6df282ebc68efe>@@V<lambda_99fb1378e971ab6e7edea83e3a7a83a2>@@@?$__crt_seh_guarded_call@H@@QEAAH$$QEAV<lambda_a37b2b86f63e897a80ea819b0eb08c01>@@AEAV<lambda_38ce7e780aa69e748d6df282ebc68efe>@@$$QEAV<lambda_99fb1378e971ab6e7edea83e3a7a83a2>@@@Z@4HA 000000018002329c     libucrt:commit.obj
 0004:000012a8       $pdata$_write$fin$0        00000001800232a8     libucrt:write.obj
 0004:000012a8       $pdata$?fin$0@?0???$common_lseek@_J@@YA_JH_JH@Z@4HA 00000001800232a8     libucrt:lseek.obj
 0004:000012b4       $pdata$__acrt_update_thread_locale_data$fin$0 00000001800232b4     libucrt:locale_refcounting.obj
 0004:000012c0       $pdata$fclose$fin$0        00000001800232c0     libucrt:fclose.obj
 0004:000012cc       $pdata$_ctrlfp$filt$0      00000001800232cc     libucrt:fpctrl.obj
 0004:000012d8       $pdata$_IsNonwritableInCurrentImage$filt$0 00000001800232d8     LIBCMT:pesect.obj
 0005:00000060       $R000000                   0000000180024060     * linker generated manifest res *

 Exports

  ordinal    name

        1    _register_addon_
